2025-12-31 16:44:39,578 Namespace(eval_interval=1, frequent=10, gpus='', num_workers=4, out_dir='out')
2025-12-31 16:44:40,329 => load 200 samples
2025-12-31 16:44:40,330 => load 200 samples
2025-12-31 16:44:44,079 Epoch: [0][0/200]	Time 3.748s (3.748s)	Speed 8.5 samples/s	Data 3.319s (3.319s)	Loss 2.86586 (2.86586)
2025-12-31 16:44:47,349 Epoch: [0][10/200]	Time 0.322s (0.638s)	Speed 99.5 samples/s	Data 0.000s (0.302s)	Loss 2.30637 (2.50724)
2025-12-31 16:44:50,727 Epoch: [0][20/200]	Time 0.366s (0.495s)	Speed 87.5 samples/s	Data 0.000s (0.158s)	Loss 2.05551 (2.34767)
2025-12-31 16:44:54,326 Epoch: [0][30/200]	Time 0.333s (0.451s)	Speed 96.2 samples/s	Data 0.001s (0.107s)	Loss 1.82000 (2.21023)
2025-12-31 16:44:57,672 Epoch: [0][40/200]	Time 0.325s (0.423s)	Speed 98.6 samples/s	Data 0.000s (0.081s)	Loss 1.59525 (2.08204)
2025-12-31 16:45:00,961 Epoch: [0][50/200]	Time 0.338s (0.405s)	Speed 94.8 samples/s	Data 0.001s (0.065s)	Loss 1.40468 (1.96626)
2025-12-31 16:45:04,244 Epoch: [0][60/200]	Time 0.324s (0.392s)	Speed 98.7 samples/s	Data 0.000s (0.055s)	Loss 1.24661 (1.86042)
2025-12-31 16:45:07,487 Epoch: [0][70/200]	Time 0.320s (0.382s)	Speed 100.1 samples/s	Data 0.000s (0.047s)	Loss 1.10731 (1.76403)
2025-12-31 16:45:10,738 Epoch: [0][80/200]	Time 0.331s (0.375s)	Speed 96.6 samples/s	Data 0.000s (0.041s)	Loss 0.99328 (1.67499)
2025-12-31 16:45:13,986 Epoch: [0][90/200]	Time 0.328s (0.370s)	Speed 97.6 samples/s	Data 0.000s (0.037s)	Loss 0.90537 (1.59249)
2025-12-31 16:45:17,315 Epoch: [0][100/200]	Time 0.339s (0.366s)	Speed 94.5 samples/s	Data 0.001s (0.033s)	Loss 0.76594 (1.51711)
2025-12-31 16:45:20,627 Epoch: [0][110/200]	Time 0.327s (0.363s)	Speed 98.0 samples/s	Data 0.000s (0.030s)	Loss 0.69837 (1.44747)
2025-12-31 16:45:23,864 Epoch: [0][120/200]	Time 0.323s (0.360s)	Speed 99.2 samples/s	Data 0.000s (0.028s)	Loss 0.65253 (1.38232)
2025-12-31 16:45:27,130 Epoch: [0][130/200]	Time 0.344s (0.357s)	Speed 93.0 samples/s	Data 0.001s (0.026s)	Loss 0.54927 (1.32081)
2025-12-31 16:45:30,565 Epoch: [0][140/200]	Time 0.351s (0.356s)	Speed 91.2 samples/s	Data 0.000s (0.024s)	Loss 0.49222 (1.26414)
2025-12-31 16:45:33,960 Epoch: [0][150/200]	Time 0.333s (0.355s)	Speed 96.2 samples/s	Data 0.000s (0.022s)	Loss 0.44852 (1.21153)
2025-12-31 16:45:37,241 Epoch: [0][160/200]	Time 0.322s (0.353s)	Speed 99.3 samples/s	Data 0.000s (0.021s)	Loss 0.39563 (1.16277)
2025-12-31 16:45:40,502 Epoch: [0][170/200]	Time 0.320s (0.352s)	Speed 99.9 samples/s	Data 0.001s (0.020s)	Loss 0.35761 (1.11750)
2025-12-31 16:45:43,726 Epoch: [0][180/200]	Time 0.320s (0.350s)	Speed 100.0 samples/s	Data 0.000s (0.019s)	Loss 0.35420 (1.07505)
2025-12-31 16:45:46,988 Epoch: [0][190/200]	Time 0.321s (0.349s)	Speed 99.6 samples/s	Data 0.001s (0.018s)	Loss 0.30659 (1.03556)
2025-12-31 16:45:53,043 Test: [0/200]	Time 2.745 (2.745)	Loss 0.6183 (0.6183)
2025-12-31 16:45:53,358 Test: [10/200]	Time 0.024 (0.278)	Loss 0.2309 (0.4937)
2025-12-31 16:45:53,636 Test: [20/200]	Time 0.024 (0.159)	Loss 0.3896 (0.5115)
2025-12-31 16:45:53,911 Test: [30/200]	Time 0.026 (0.117)	Loss 0.7368 (0.5230)
2025-12-31 16:45:54,184 Test: [40/200]	Time 0.025 (0.095)	Loss 0.5395 (0.5412)
2025-12-31 16:45:54,459 Test: [50/200]	Time 0.026 (0.082)	Loss 0.6255 (0.5450)
2025-12-31 16:45:54,729 Test: [60/200]	Time 0.026 (0.073)	Loss 0.6353 (0.5448)
2025-12-31 16:45:55,003 Test: [70/200]	Time 0.025 (0.066)	Loss 0.5283 (0.5433)
2025-12-31 16:45:55,273 Test: [80/200]	Time 0.025 (0.061)	Loss 0.6776 (0.5367)
2025-12-31 16:45:55,543 Test: [90/200]	Time 0.026 (0.058)	Loss 0.6568 (0.5403)
2025-12-31 16:45:55,810 Test: [100/200]	Time 0.025 (0.055)	Loss 0.6893 (0.5391)
2025-12-31 16:45:56,084 Test: [110/200]	Time 0.025 (0.052)	Loss 0.6094 (0.5396)
2025-12-31 16:45:56,357 Test: [120/200]	Time 0.026 (0.050)	Loss 0.6287 (0.5364)
2025-12-31 16:45:56,629 Test: [130/200]	Time 0.024 (0.048)	Loss 0.4951 (0.5409)
2025-12-31 16:45:56,902 Test: [140/200]	Time 0.026 (0.047)	Loss 0.4806 (0.5393)
2025-12-31 16:45:57,173 Test: [150/200]	Time 0.026 (0.046)	Loss 0.5924 (0.5374)
2025-12-31 16:45:57,443 Test: [160/200]	Time 0.024 (0.044)	Loss 0.5423 (0.5367)
2025-12-31 16:45:57,715 Test: [170/200]	Time 0.024 (0.043)	Loss 0.4200 (0.5339)
2025-12-31 16:45:57,990 Test: [180/200]	Time 0.025 (0.042)	Loss 0.4192 (0.5310)
2025-12-31 16:45:58,260 Test: [190/200]	Time 0.025 (0.042)	Loss 0.4881 (0.5321)
2025-12-31 16:45:59,347 Mean IoU score: 0.163
2025-12-31 16:45:59,349 => saving checkpoint to out
2025-12-31 16:46:02,927 Epoch: [1][0/200]	Time 3.563s (3.563s)	Speed 9.0 samples/s	Data 3.218s (3.218s)	Loss 0.28063 (0.28063)
2025-12-31 16:46:06,197 Epoch: [1][10/200]	Time 0.323s (0.621s)	Speed 99.2 samples/s	Data 0.000s (0.293s)	Loss 0.27921 (0.28161)
2025-12-31 16:46:09,431 Epoch: [1][20/200]	Time 0.320s (0.479s)	Speed 100.1 samples/s	Data 0.000s (0.154s)	Loss 0.24307 (0.27655)
2025-12-31 16:46:12,666 Epoch: [1][30/200]	Time 0.321s (0.429s)	Speed 99.7 samples/s	Data 0.000s (0.104s)	Loss 0.24089 (0.26691)
2025-12-31 16:46:15,921 Epoch: [1][40/200]	Time 0.323s (0.404s)	Speed 99.0 samples/s	Data 0.000s (0.079s)	Loss 0.21837 (0.26053)
2025-12-31 16:46:19,176 Epoch: [1][50/200]	Time 0.323s (0.388s)	Speed 99.2 samples/s	Data 0.000s (0.063s)	Loss 0.26304 (0.25605)
2025-12-31 16:46:22,708 Epoch: [1][60/200]	Time 0.355s (0.383s)	Speed 90.2 samples/s	Data 0.000s (0.053s)	Loss 0.19811 (0.24943)
2025-12-31 16:46:26,239 Epoch: [1][70/200]	Time 0.357s (0.379s)	Speed 89.6 samples/s	Data 0.000s (0.046s)	Loss 0.20225 (0.24484)
2025-12-31 16:46:29,666 Epoch: [1][80/200]	Time 0.328s (0.374s)	Speed 97.5 samples/s	Data 0.000s (0.040s)	Loss 0.17763 (0.23973)
2025-12-31 16:46:32,964 Epoch: [1][90/200]	Time 0.328s (0.369s)	Speed 97.7 samples/s	Data 0.001s (0.036s)	Loss 0.19363 (0.23562)
2025-12-31 16:46:36,266 Epoch: [1][100/200]	Time 0.327s (0.365s)	Speed 98.0 samples/s	Data 0.000s (0.032s)	Loss 0.15875 (0.23007)
2025-12-31 16:46:39,611 Epoch: [1][110/200]	Time 0.339s (0.363s)	Speed 94.4 samples/s	Data 0.000s (0.029s)	Loss 0.20535 (0.22659)
2025-12-31 16:46:42,908 Epoch: [1][120/200]	Time 0.322s (0.360s)	Speed 99.3 samples/s	Data 0.000s (0.027s)	Loss 0.17337 (0.22247)
2025-12-31 16:46:46,190 Epoch: [1][130/200]	Time 0.337s (0.357s)	Speed 94.9 samples/s	Data 0.001s (0.025s)	Loss 0.18925 (0.21829)
2025-12-31 16:46:49,490 Epoch: [1][140/200]	Time 0.340s (0.356s)	Speed 94.1 samples/s	Data 0.000s (0.023s)	Loss 0.17355 (0.21489)
2025-12-31 16:46:52,791 Epoch: [1][150/200]	Time 0.326s (0.354s)	Speed 98.1 samples/s	Data 0.000s (0.022s)	Loss 0.13822 (0.21096)
2025-12-31 16:46:56,083 Epoch: [1][160/200]	Time 0.341s (0.352s)	Speed 93.9 samples/s	Data 0.001s (0.020s)	Loss 0.16315 (0.20818)
2025-12-31 16:46:59,390 Epoch: [1][170/200]	Time 0.321s (0.351s)	Speed 99.6 samples/s	Data 0.000s (0.019s)	Loss 0.15837 (0.20488)
2025-12-31 16:47:02,680 Epoch: [1][180/200]	Time 0.327s (0.350s)	Speed 97.8 samples/s	Data 0.000s (0.018s)	Loss 0.16900 (0.20168)
2025-12-31 16:47:05,972 Epoch: [1][190/200]	Time 0.331s (0.349s)	Speed 96.6 samples/s	Data 0.000s (0.017s)	Loss 0.13880 (0.19896)
2025-12-31 16:47:12,330 Test: [0/200]	Time 2.975 (2.975)	Loss 0.3789 (0.3789)
2025-12-31 16:47:12,610 Test: [10/200]	Time 0.027 (0.296)	Loss 0.0914 (0.2986)
2025-12-31 16:47:12,880 Test: [20/200]	Time 0.025 (0.168)	Loss 0.2151 (0.3119)
2025-12-31 16:47:13,152 Test: [30/200]	Time 0.026 (0.122)	Loss 0.4511 (0.3173)
2025-12-31 16:47:13,426 Test: [40/200]	Time 0.026 (0.099)	Loss 0.3212 (0.3290)
2025-12-31 16:47:13,696 Test: [50/200]	Time 0.026 (0.085)	Loss 0.3831 (0.3325)
2025-12-31 16:47:13,969 Test: [60/200]	Time 0.025 (0.076)	Loss 0.4289 (0.3340)
2025-12-31 16:47:14,244 Test: [70/200]	Time 0.026 (0.069)	Loss 0.3554 (0.3336)
2025-12-31 16:47:14,514 Test: [80/200]	Time 0.026 (0.064)	Loss 0.4178 (0.3288)
2025-12-31 16:47:14,786 Test: [90/200]	Time 0.026 (0.060)	Loss 0.3973 (0.3311)
2025-12-31 16:47:15,054 Test: [100/200]	Time 0.024 (0.056)	Loss 0.4376 (0.3296)
2025-12-31 16:47:15,322 Test: [110/200]	Time 0.025 (0.054)	Loss 0.3901 (0.3325)
2025-12-31 16:47:15,596 Test: [120/200]	Time 0.026 (0.052)	Loss 0.3448 (0.3290)
2025-12-31 16:47:15,867 Test: [130/200]	Time 0.024 (0.050)	Loss 0.2887 (0.3324)
2025-12-31 16:47:16,140 Test: [140/200]	Time 0.025 (0.048)	Loss 0.3169 (0.3310)
2025-12-31 16:47:16,406 Test: [150/200]	Time 0.025 (0.047)	Loss 0.3297 (0.3293)
2025-12-31 16:47:16,677 Test: [160/200]	Time 0.026 (0.045)	Loss 0.3493 (0.3285)
2025-12-31 16:47:16,950 Test: [170/200]	Time 0.025 (0.044)	Loss 0.2324 (0.3258)
2025-12-31 16:47:17,223 Test: [180/200]	Time 0.024 (0.043)	Loss 0.2666 (0.3237)
2025-12-31 16:47:17,492 Test: [190/200]	Time 0.025 (0.043)	Loss 0.2490 (0.3245)
2025-12-31 16:47:18,594 Mean IoU score: 0.274
2025-12-31 16:47:18,599 => saving checkpoint to out
2025-12-31 16:47:22,470 Epoch: [2][0/200]	Time 3.856s (3.856s)	Speed 8.3 samples/s	Data 3.483s (3.483s)	Loss 0.11504 (0.11504)
2025-12-31 16:47:25,732 Epoch: [2][10/200]	Time 0.332s (0.647s)	Speed 96.5 samples/s	Data 0.000s (0.317s)	Loss 0.12124 (0.12805)
2025-12-31 16:47:29,202 Epoch: [2][20/200]	Time 0.330s (0.504s)	Speed 97.1 samples/s	Data 0.001s (0.166s)	Loss 0.11885 (0.12647)
2025-12-31 16:47:32,505 Epoch: [2][30/200]	Time 0.337s (0.448s)	Speed 94.9 samples/s	Data 0.000s (0.113s)	Loss 0.10891 (0.12258)
2025-12-31 16:47:35,966 Epoch: [2][40/200]	Time 0.341s (0.423s)	Speed 93.8 samples/s	Data 0.000s (0.085s)	Loss 0.10498 (0.12039)
2025-12-31 16:47:39,247 Epoch: [2][50/200]	Time 0.325s (0.405s)	Speed 98.6 samples/s	Data 0.000s (0.069s)	Loss 0.10145 (0.11837)
2025-12-31 16:47:42,536 Epoch: [2][60/200]	Time 0.330s (0.392s)	Speed 97.1 samples/s	Data 0.001s (0.057s)	Loss 0.11929 (0.11679)
2025-12-31 16:47:45,809 Epoch: [2][70/200]	Time 0.327s (0.383s)	Speed 97.8 samples/s	Data 0.000s (0.049s)	Loss 0.10317 (0.11529)
2025-12-31 16:47:49,175 Epoch: [2][80/200]	Time 0.324s (0.377s)	Speed 98.7 samples/s	Data 0.000s (0.043s)	Loss 0.08996 (0.11290)
2025-12-31 16:47:52,576 Epoch: [2][90/200]	Time 0.322s (0.373s)	Speed 99.5 samples/s	Data 0.000s (0.039s)	Loss 0.09089 (0.11062)
2025-12-31 16:47:55,964 Epoch: [2][100/200]	Time 0.333s (0.370s)	Speed 96.1 samples/s	Data 0.000s (0.035s)	Loss 0.08274 (0.10790)
2025-12-31 16:47:59,346 Epoch: [2][110/200]	Time 0.325s (0.367s)	Speed 98.6 samples/s	Data 0.000s (0.032s)	Loss 0.09488 (0.10516)
2025-12-31 16:48:02,739 Epoch: [2][120/200]	Time 0.325s (0.365s)	Speed 98.6 samples/s	Data 0.001s (0.029s)	Loss 0.07470 (0.10310)
2025-12-31 16:48:06,129 Epoch: [2][130/200]	Time 0.324s (0.363s)	Speed 98.7 samples/s	Data 0.000s (0.027s)	Loss 0.07714 (0.10116)
2025-12-31 16:48:09,535 Epoch: [2][140/200]	Time 0.327s (0.361s)	Speed 98.0 samples/s	Data 0.000s (0.025s)	Loss 0.07360 (0.09901)
2025-12-31 16:48:12,921 Epoch: [2][150/200]	Time 0.324s (0.360s)	Speed 98.8 samples/s	Data 0.000s (0.023s)	Loss 0.07120 (0.09728)
2025-12-31 16:48:16,279 Epoch: [2][160/200]	Time 0.322s (0.358s)	Speed 99.5 samples/s	Data 0.000s (0.022s)	Loss 0.06405 (0.09552)
2025-12-31 16:48:19,640 Epoch: [2][170/200]	Time 0.323s (0.357s)	Speed 99.2 samples/s	Data 0.000s (0.021s)	Loss 0.04706 (0.09349)
2025-12-31 16:48:23,020 Epoch: [2][180/200]	Time 0.326s (0.356s)	Speed 98.3 samples/s	Data 0.000s (0.020s)	Loss 0.04811 (0.09147)
2025-12-31 16:48:26,400 Epoch: [2][190/200]	Time 0.321s (0.355s)	Speed 99.8 samples/s	Data 0.000s (0.019s)	Loss 0.06820 (0.08982)
2025-12-31 16:48:32,561 Test: [0/200]	Time 2.760 (2.760)	Loss 0.2013 (0.2013)
2025-12-31 16:48:32,851 Test: [10/200]	Time 0.027 (0.277)	Loss 0.0653 (0.1592)
2025-12-31 16:48:33,118 Test: [20/200]	Time 0.026 (0.158)	Loss 0.1118 (0.1619)
2025-12-31 16:48:33,390 Test: [30/200]	Time 0.025 (0.116)	Loss 0.2354 (0.1725)
2025-12-31 16:48:33,663 Test: [40/200]	Time 0.025 (0.094)	Loss 0.1773 (0.1802)
2025-12-31 16:48:33,938 Test: [50/200]	Time 0.026 (0.081)	Loss 0.2059 (0.1795)
2025-12-31 16:48:34,207 Test: [60/200]	Time 0.025 (0.072)	Loss 0.2014 (0.1816)
2025-12-31 16:48:34,484 Test: [70/200]	Time 0.025 (0.066)	Loss 0.1649 (0.1808)
2025-12-31 16:48:34,758 Test: [80/200]	Time 0.025 (0.061)	Loss 0.2365 (0.1786)
2025-12-31 16:48:35,029 Test: [90/200]	Time 0.026 (0.057)	Loss 0.2259 (0.1801)
2025-12-31 16:48:35,299 Test: [100/200]	Time 0.025 (0.054)	Loss 0.2709 (0.1788)
2025-12-31 16:48:35,570 Test: [110/200]	Time 0.025 (0.052)	Loss 0.2506 (0.1795)
2025-12-31 16:48:35,862 Test: [120/200]	Time 0.028 (0.050)	Loss 0.1934 (0.1762)
2025-12-31 16:48:36,152 Test: [130/200]	Time 0.028 (0.048)	Loss 0.1484 (0.1779)
2025-12-31 16:48:36,442 Test: [140/200]	Time 0.031 (0.047)	Loss 0.1761 (0.1769)
2025-12-31 16:48:36,716 Test: [150/200]	Time 0.025 (0.046)	Loss 0.1836 (0.1750)
2025-12-31 16:48:36,989 Test: [160/200]	Time 0.025 (0.045)	Loss 0.1727 (0.1745)
2025-12-31 16:48:37,257 Test: [170/200]	Time 0.024 (0.044)	Loss 0.1690 (0.1730)
2025-12-31 16:48:37,530 Test: [180/200]	Time 0.025 (0.043)	Loss 0.1762 (0.1722)
2025-12-31 16:48:37,800 Test: [190/200]	Time 0.025 (0.042)	Loss 0.1051 (0.1725)
2025-12-31 16:48:38,892 Mean IoU score: 0.616
2025-12-31 16:48:38,895 => saving checkpoint to out
2025-12-31 16:48:42,524 Epoch: [3][0/200]	Time 3.615s (3.615s)	Speed 8.9 samples/s	Data 3.267s (3.267s)	Loss 0.05515 (0.05515)
2025-12-31 16:48:45,857 Epoch: [3][10/200]	Time 0.329s (0.632s)	Speed 97.4 samples/s	Data 0.000s (0.297s)	Loss 0.04844 (0.05296)
2025-12-31 16:48:49,135 Epoch: [3][20/200]	Time 0.323s (0.487s)	Speed 99.2 samples/s	Data 0.001s (0.156s)	Loss 0.05852 (0.05120)
2025-12-31 16:48:52,507 Epoch: [3][30/200]	Time 0.339s (0.439s)	Speed 94.5 samples/s	Data 0.001s (0.106s)	Loss 0.04670 (0.04947)
2025-12-31 16:48:55,762 Epoch: [3][40/200]	Time 0.325s (0.411s)	Speed 98.6 samples/s	Data 0.000s (0.080s)	Loss 0.03857 (0.04806)
2025-12-31 16:48:59,030 Epoch: [3][50/200]	Time 0.326s (0.395s)	Speed 98.2 samples/s	Data 0.001s (0.064s)	Loss 0.04827 (0.04692)
2025-12-31 16:49:02,325 Epoch: [3][60/200]	Time 0.327s (0.384s)	Speed 98.0 samples/s	Data 0.000s (0.054s)	Loss 0.03877 (0.04673)
2025-12-31 16:49:05,588 Epoch: [3][70/200]	Time 0.328s (0.376s)	Speed 97.7 samples/s	Data 0.001s (0.046s)	Loss 0.04256 (0.04577)
2025-12-31 16:49:08,849 Epoch: [3][80/200]	Time 0.321s (0.370s)	Speed 99.7 samples/s	Data 0.000s (0.041s)	Loss 0.03614 (0.04545)
2025-12-31 16:49:12,112 Epoch: [3][90/200]	Time 0.325s (0.365s)	Speed 98.4 samples/s	Data 0.000s (0.036s)	Loss 0.04281 (0.04517)
2025-12-31 16:49:15,375 Epoch: [3][100/200]	Time 0.324s (0.361s)	Speed 98.9 samples/s	Data 0.000s (0.033s)	Loss 0.04833 (0.04470)
2025-12-31 16:49:18,652 Epoch: [3][110/200]	Time 0.323s (0.358s)	Speed 99.1 samples/s	Data 0.000s (0.030s)	Loss 0.03304 (0.04429)
2025-12-31 16:49:21,917 Epoch: [3][120/200]	Time 0.323s (0.355s)	Speed 99.2 samples/s	Data 0.001s (0.027s)	Loss 0.03828 (0.04403)
2025-12-31 16:49:25,163 Epoch: [3][130/200]	Time 0.322s (0.353s)	Speed 99.3 samples/s	Data 0.000s (0.025s)	Loss 0.04683 (0.04381)
2025-12-31 16:49:28,413 Epoch: [3][140/200]	Time 0.319s (0.351s)	Speed 100.5 samples/s	Data 0.000s (0.023s)	Loss 0.02667 (0.04334)
2025-12-31 16:49:31,643 Epoch: [3][150/200]	Time 0.323s (0.349s)	Speed 99.0 samples/s	Data 0.000s (0.022s)	Loss 0.02860 (0.04282)
2025-12-31 16:49:34,904 Epoch: [3][160/200]	Time 0.327s (0.348s)	Speed 98.0 samples/s	Data 0.000s (0.021s)	Loss 0.03798 (0.04242)
2025-12-31 16:49:38,160 Epoch: [3][170/200]	Time 0.328s (0.346s)	Speed 97.6 samples/s	Data 0.000s (0.019s)	Loss 0.05649 (0.04252)
2025-12-31 16:49:41,414 Epoch: [3][180/200]	Time 0.326s (0.345s)	Speed 98.3 samples/s	Data 0.000s (0.018s)	Loss 0.03661 (0.04229)
2025-12-31 16:49:44,662 Epoch: [3][190/200]	Time 0.326s (0.344s)	Speed 98.1 samples/s	Data 0.000s (0.017s)	Loss 0.03919 (0.04196)
2025-12-31 16:49:50,729 Test: [0/200]	Time 2.779 (2.779)	Loss 0.1676 (0.1676)
2025-12-31 16:49:50,997 Test: [10/200]	Time 0.024 (0.277)	Loss 0.0213 (0.1176)
2025-12-31 16:49:51,270 Test: [20/200]	Time 0.027 (0.158)	Loss 0.0620 (0.1164)
2025-12-31 16:49:51,538 Test: [30/200]	Time 0.025 (0.116)	Loss 0.2509 (0.1256)
2025-12-31 16:49:51,811 Test: [40/200]	Time 0.026 (0.094)	Loss 0.1532 (0.1316)
2025-12-31 16:49:52,083 Test: [50/200]	Time 0.025 (0.081)	Loss 0.1682 (0.1303)
2025-12-31 16:49:52,354 Test: [60/200]	Time 0.026 (0.072)	Loss 0.1750 (0.1341)
2025-12-31 16:49:52,622 Test: [70/200]	Time 0.025 (0.066)	Loss 0.1648 (0.1338)
2025-12-31 16:49:52,894 Test: [80/200]	Time 0.026 (0.061)	Loss 0.1594 (0.1318)
2025-12-31 16:49:53,164 Test: [90/200]	Time 0.025 (0.057)	Loss 0.1197 (0.1325)
2025-12-31 16:49:53,432 Test: [100/200]	Time 0.025 (0.054)	Loss 0.1885 (0.1314)
2025-12-31 16:49:53,697 Test: [110/200]	Time 0.025 (0.052)	Loss 0.2039 (0.1325)
2025-12-31 16:49:53,967 Test: [120/200]	Time 0.025 (0.050)	Loss 0.1275 (0.1304)
2025-12-31 16:49:54,237 Test: [130/200]	Time 0.024 (0.048)	Loss 0.1339 (0.1315)
2025-12-31 16:49:54,509 Test: [140/200]	Time 0.024 (0.047)	Loss 0.1137 (0.1302)
2025-12-31 16:49:54,778 Test: [150/200]	Time 0.025 (0.045)	Loss 0.0805 (0.1288)
2025-12-31 16:49:55,048 Test: [160/200]	Time 0.025 (0.044)	Loss 0.1279 (0.1284)
2025-12-31 16:49:55,314 Test: [170/200]	Time 0.024 (0.043)	Loss 0.1096 (0.1270)
2025-12-31 16:49:55,582 Test: [180/200]	Time 0.024 (0.042)	Loss 0.1047 (0.1263)
2025-12-31 16:49:55,852 Test: [190/200]	Time 0.025 (0.041)	Loss 0.0902 (0.1265)
2025-12-31 16:49:56,921 Mean IoU score: 0.708
2025-12-31 16:49:56,925 => saving checkpoint to out
2025-12-31 16:50:00,482 Epoch: [4][0/200]	Time 3.544s (3.544s)	Speed 9.0 samples/s	Data 3.200s (3.200s)	Loss 0.02834 (0.02834)
2025-12-31 16:50:03,722 Epoch: [4][10/200]	Time 0.319s (0.617s)	Speed 100.4 samples/s	Data 0.001s (0.291s)	Loss 0.03372 (0.03106)
2025-12-31 16:50:06,948 Epoch: [4][20/200]	Time 0.319s (0.477s)	Speed 100.3 samples/s	Data 0.001s (0.153s)	Loss 0.02821 (0.03057)
2025-12-31 16:50:10,181 Epoch: [4][30/200]	Time 0.320s (0.427s)	Speed 99.9 samples/s	Data 0.000s (0.104s)	Loss 0.04121 (0.03071)
2025-12-31 16:50:13,422 Epoch: [4][40/200]	Time 0.329s (0.402s)	Speed 97.4 samples/s	Data 0.000s (0.078s)	Loss 0.02679 (0.03043)
2025-12-31 16:50:16,685 Epoch: [4][50/200]	Time 0.336s (0.387s)	Speed 95.3 samples/s	Data 0.000s (0.063s)	Loss 0.03212 (0.03049)
2025-12-31 16:50:19,928 Epoch: [4][60/200]	Time 0.327s (0.377s)	Speed 97.8 samples/s	Data 0.001s (0.053s)	Loss 0.03368 (0.03015)
2025-12-31 16:50:23,179 Epoch: [4][70/200]	Time 0.331s (0.370s)	Speed 96.6 samples/s	Data 0.000s (0.045s)	Loss 0.02791 (0.02979)
2025-12-31 16:50:26,626 Epoch: [4][80/200]	Time 0.333s (0.367s)	Speed 96.2 samples/s	Data 0.000s (0.040s)	Loss 0.02641 (0.02965)
2025-12-31 16:50:30,047 Epoch: [4][90/200]	Time 0.358s (0.364s)	Speed 89.5 samples/s	Data 0.000s (0.035s)	Loss 0.01995 (0.02938)
2025-12-31 16:50:33,789 Epoch: [4][100/200]	Time 0.384s (0.365s)	Speed 83.3 samples/s	Data 0.000s (0.032s)	Loss 0.03311 (0.02900)
2025-12-31 16:50:37,610 Epoch: [4][110/200]	Time 0.360s (0.366s)	Speed 89.0 samples/s	Data 0.000s (0.029s)	Loss 0.03283 (0.02889)
2025-12-31 16:50:41,216 Epoch: [4][120/200]	Time 0.378s (0.366s)	Speed 84.7 samples/s	Data 0.000s (0.027s)	Loss 0.02834 (0.02862)
2025-12-31 16:50:44,674 Epoch: [4][130/200]	Time 0.352s (0.364s)	Speed 90.8 samples/s	Data 0.000s (0.025s)	Loss 0.02643 (0.02849)
2025-12-31 16:50:48,169 Epoch: [4][140/200]	Time 0.327s (0.363s)	Speed 97.9 samples/s	Data 0.000s (0.023s)	Loss 0.02957 (0.02828)
2025-12-31 16:50:51,711 Epoch: [4][150/200]	Time 0.367s (0.363s)	Speed 87.2 samples/s	Data 0.000s (0.022s)	Loss 0.01915 (0.02802)
2025-12-31 16:50:55,277 Epoch: [4][160/200]	Time 0.370s (0.362s)	Speed 86.4 samples/s	Data 0.000s (0.020s)	Loss 0.02279 (0.02776)
2025-12-31 16:50:58,999 Epoch: [4][170/200]	Time 0.378s (0.363s)	Speed 84.6 samples/s	Data 0.001s (0.019s)	Loss 0.02361 (0.02765)
2025-12-31 16:51:03,309 Epoch: [4][180/200]	Time 0.346s (0.367s)	Speed 92.4 samples/s	Data 0.000s (0.018s)	Loss 0.02218 (0.02751)
2025-12-31 16:51:06,804 Epoch: [4][190/200]	Time 0.338s (0.366s)	Speed 94.8 samples/s	Data 0.001s (0.017s)	Loss 0.03072 (0.02742)
2025-12-31 16:51:13,149 Test: [0/200]	Time 2.880 (2.880)	Loss 0.0847 (0.0847)
2025-12-31 16:51:13,426 Test: [10/200]	Time 0.025 (0.287)	Loss 0.0238 (0.0723)
2025-12-31 16:51:13,727 Test: [20/200]	Time 0.024 (0.165)	Loss 0.0459 (0.0713)
2025-12-31 16:51:13,997 Test: [30/200]	Time 0.025 (0.120)	Loss 0.0940 (0.0775)
2025-12-31 16:51:14,274 Test: [40/200]	Time 0.027 (0.098)	Loss 0.0916 (0.0819)
2025-12-31 16:51:14,544 Test: [50/200]	Time 0.026 (0.084)	Loss 0.1036 (0.0816)
2025-12-31 16:51:14,813 Test: [60/200]	Time 0.025 (0.075)	Loss 0.1127 (0.0836)
2025-12-31 16:51:15,085 Test: [70/200]	Time 0.026 (0.068)	Loss 0.0960 (0.0841)
2025-12-31 16:51:15,365 Test: [80/200]	Time 0.027 (0.063)	Loss 0.1371 (0.0834)
2025-12-31 16:51:15,631 Test: [90/200]	Time 0.025 (0.059)	Loss 0.0769 (0.0830)
2025-12-31 16:51:15,896 Test: [100/200]	Time 0.026 (0.056)	Loss 0.1066 (0.0822)
2025-12-31 16:51:16,164 Test: [110/200]	Time 0.025 (0.053)	Loss 0.1597 (0.0836)
2025-12-31 16:51:16,432 Test: [120/200]	Time 0.026 (0.051)	Loss 0.0743 (0.0824)
2025-12-31 16:51:16,709 Test: [130/200]	Time 0.029 (0.049)	Loss 0.0715 (0.0832)
2025-12-31 16:51:16,990 Test: [140/200]	Time 0.025 (0.048)	Loss 0.0731 (0.0824)
2025-12-31 16:51:17,262 Test: [150/200]	Time 0.025 (0.046)	Loss 0.0639 (0.0810)
2025-12-31 16:51:17,531 Test: [160/200]	Time 0.025 (0.045)	Loss 0.0730 (0.0808)
2025-12-31 16:51:17,821 Test: [170/200]	Time 0.032 (0.044)	Loss 0.0710 (0.0802)
2025-12-31 16:51:18,113 Test: [180/200]	Time 0.027 (0.043)	Loss 0.0823 (0.0803)
2025-12-31 16:51:18,397 Test: [190/200]	Time 0.025 (0.043)	Loss 0.0585 (0.0806)
2025-12-31 16:51:19,560 Mean IoU score: 0.819
2025-12-31 16:51:19,562 => saving checkpoint to out
2025-12-31 16:51:23,276 Epoch: [5][0/200]	Time 3.699s (3.699s)	Speed 8.7 samples/s	Data 3.349s (3.349s)	Loss 0.02231 (0.02231)
2025-12-31 16:51:26,746 Epoch: [5][10/200]	Time 0.340s (0.652s)	Speed 94.2 samples/s	Data 0.001s (0.305s)	Loss 0.02575 (0.02401)
2025-12-31 16:51:29,994 Epoch: [5][20/200]	Time 0.324s (0.496s)	Speed 98.7 samples/s	Data 0.000s (0.160s)	Loss 0.02334 (0.02296)
2025-12-31 16:51:33,233 Epoch: [5][30/200]	Time 0.321s (0.441s)	Speed 99.6 samples/s	Data 0.000s (0.108s)	Loss 0.01924 (0.02248)
2025-12-31 16:51:36,609 Epoch: [5][40/200]	Time 0.341s (0.415s)	Speed 93.8 samples/s	Data 0.000s (0.082s)	Loss 0.02072 (0.02216)
2025-12-31 16:51:39,906 Epoch: [5][50/200]	Time 0.322s (0.399s)	Speed 99.5 samples/s	Data 0.000s (0.066s)	Loss 0.01583 (0.02221)
2025-12-31 16:51:43,303 Epoch: [5][60/200]	Time 0.341s (0.389s)	Speed 93.9 samples/s	Data 0.000s (0.055s)	Loss 0.02597 (0.02186)
2025-12-31 16:51:46,770 Epoch: [5][70/200]	Time 0.367s (0.383s)	Speed 87.1 samples/s	Data 0.000s (0.047s)	Loss 0.02577 (0.02162)
2025-12-31 16:51:50,292 Epoch: [5][80/200]	Time 0.331s (0.379s)	Speed 96.8 samples/s	Data 0.000s (0.042s)	Loss 0.01841 (0.02146)
2025-12-31 16:51:53,702 Epoch: [5][90/200]	Time 0.341s (0.375s)	Speed 94.0 samples/s	Data 0.000s (0.037s)	Loss 0.01828 (0.02163)
2025-12-31 16:51:57,203 Epoch: [5][100/200]	Time 0.354s (0.373s)	Speed 90.4 samples/s	Data 0.000s (0.033s)	Loss 0.01590 (0.02143)
2025-12-31 16:52:00,678 Epoch: [5][110/200]	Time 0.341s (0.370s)	Speed 94.0 samples/s	Data 0.000s (0.030s)	Loss 0.02890 (0.02124)
2025-12-31 16:52:04,255 Epoch: [5][120/200]	Time 0.338s (0.369s)	Speed 94.6 samples/s	Data 0.000s (0.028s)	Loss 0.01468 (0.02095)
2025-12-31 16:52:07,785 Epoch: [5][130/200]	Time 0.333s (0.368s)	Speed 96.2 samples/s	Data 0.000s (0.026s)	Loss 0.02380 (0.02085)
2025-12-31 16:52:11,186 Epoch: [5][140/200]	Time 0.326s (0.366s)	Speed 98.3 samples/s	Data 0.000s (0.024s)	Loss 0.02551 (0.02076)
2025-12-31 16:52:14,598 Epoch: [5][150/200]	Time 0.329s (0.364s)	Speed 97.4 samples/s	Data 0.000s (0.022s)	Loss 0.02062 (0.02068)
2025-12-31 16:52:18,021 Epoch: [5][160/200]	Time 0.321s (0.363s)	Speed 99.7 samples/s	Data 0.000s (0.021s)	Loss 0.01782 (0.02061)
2025-12-31 16:52:21,410 Epoch: [5][170/200]	Time 0.334s (0.362s)	Speed 95.8 samples/s	Data 0.000s (0.020s)	Loss 0.01915 (0.02066)
2025-12-31 16:52:24,792 Epoch: [5][180/200]	Time 0.320s (0.360s)	Speed 100.0 samples/s	Data 0.000s (0.019s)	Loss 0.02881 (0.02068)
2025-12-31 16:52:28,148 Epoch: [5][190/200]	Time 0.327s (0.359s)	Speed 98.0 samples/s	Data 0.001s (0.018s)	Loss 0.01908 (0.02077)
2025-12-31 16:52:34,366 Test: [0/200]	Time 2.764 (2.764)	Loss 0.0827 (0.0827)
2025-12-31 16:52:34,660 Test: [10/200]	Time 0.027 (0.278)	Loss 0.0149 (0.0639)
2025-12-31 16:52:34,937 Test: [20/200]	Time 0.025 (0.159)	Loss 0.0377 (0.0641)
2025-12-31 16:52:35,205 Test: [30/200]	Time 0.025 (0.116)	Loss 0.0707 (0.0700)
2025-12-31 16:52:35,474 Test: [40/200]	Time 0.025 (0.094)	Loss 0.0983 (0.0735)
2025-12-31 16:52:35,759 Test: [50/200]	Time 0.026 (0.082)	Loss 0.0952 (0.0729)
2025-12-31 16:52:36,032 Test: [60/200]	Time 0.025 (0.073)	Loss 0.0874 (0.0736)
2025-12-31 16:52:36,299 Test: [70/200]	Time 0.025 (0.066)	Loss 0.0695 (0.0739)
2025-12-31 16:52:36,572 Test: [80/200]	Time 0.025 (0.061)	Loss 0.1218 (0.0728)
2025-12-31 16:52:36,843 Test: [90/200]	Time 0.025 (0.058)	Loss 0.0883 (0.0733)
2025-12-31 16:52:37,112 Test: [100/200]	Time 0.025 (0.055)	Loss 0.0933 (0.0728)
2025-12-31 16:52:37,383 Test: [110/200]	Time 0.026 (0.052)	Loss 0.1735 (0.0743)
2025-12-31 16:52:37,659 Test: [120/200]	Time 0.033 (0.050)	Loss 0.0617 (0.0725)
2025-12-31 16:52:37,932 Test: [130/200]	Time 0.024 (0.048)	Loss 0.0588 (0.0737)
2025-12-31 16:52:38,203 Test: [140/200]	Time 0.025 (0.047)	Loss 0.0744 (0.0731)
2025-12-31 16:52:38,475 Test: [150/200]	Time 0.025 (0.046)	Loss 0.0548 (0.0721)
2025-12-31 16:52:38,755 Test: [160/200]	Time 0.030 (0.044)	Loss 0.0652 (0.0718)
2025-12-31 16:52:39,022 Test: [170/200]	Time 0.025 (0.043)	Loss 0.0731 (0.0712)
2025-12-31 16:52:39,290 Test: [180/200]	Time 0.024 (0.042)	Loss 0.0603 (0.0710)
2025-12-31 16:52:39,561 Test: [190/200]	Time 0.026 (0.042)	Loss 0.0380 (0.0711)
2025-12-31 16:52:40,704 Mean IoU score: 0.831
2025-12-31 16:52:40,710 => saving checkpoint to out
2025-12-31 16:52:44,702 Epoch: [6][0/200]	Time 3.978s (3.978s)	Speed 8.0 samples/s	Data 3.617s (3.617s)	Loss 0.02706 (0.02706)
2025-12-31 16:52:48,176 Epoch: [6][10/200]	Time 0.344s (0.677s)	Speed 93.1 samples/s	Data 0.000s (0.329s)	Loss 0.01850 (0.01846)
2025-12-31 16:52:51,496 Epoch: [6][20/200]	Time 0.322s (0.513s)	Speed 99.3 samples/s	Data 0.000s (0.172s)	Loss 0.01460 (0.01756)
2025-12-31 16:52:55,063 Epoch: [6][30/200]	Time 0.369s (0.463s)	Speed 86.8 samples/s	Data 0.000s (0.117s)	Loss 0.01606 (0.01720)
2025-12-31 16:52:58,618 Epoch: [6][40/200]	Time 0.361s (0.436s)	Speed 88.7 samples/s	Data 0.000s (0.088s)	Loss 0.01256 (0.01666)
2025-12-31 16:53:02,139 Epoch: [6][50/200]	Time 0.343s (0.420s)	Speed 93.2 samples/s	Data 0.000s (0.071s)	Loss 0.02017 (0.01656)
2025-12-31 16:53:05,602 Epoch: [6][60/200]	Time 0.337s (0.408s)	Speed 95.1 samples/s	Data 0.000s (0.060s)	Loss 0.01758 (0.01647)
2025-12-31 16:53:09,072 Epoch: [6][70/200]	Time 0.346s (0.399s)	Speed 92.4 samples/s	Data 0.000s (0.051s)	Loss 0.01550 (0.01649)
2025-12-31 16:53:12,696 Epoch: [6][80/200]	Time 0.369s (0.395s)	Speed 86.6 samples/s	Data 0.001s (0.045s)	Loss 0.01318 (0.01647)
2025-12-31 16:53:16,345 Epoch: [6][90/200]	Time 0.361s (0.391s)	Speed 88.7 samples/s	Data 0.000s (0.040s)	Loss 0.01806 (0.01661)
2025-12-31 16:53:19,959 Epoch: [6][100/200]	Time 0.366s (0.388s)	Speed 87.4 samples/s	Data 0.000s (0.036s)	Loss 0.01399 (0.01679)
2025-12-31 16:53:23,395 Epoch: [6][110/200]	Time 0.342s (0.384s)	Speed 93.7 samples/s	Data 0.000s (0.033s)	Loss 0.02060 (0.01689)
2025-12-31 16:53:26,841 Epoch: [6][120/200]	Time 0.329s (0.381s)	Speed 97.2 samples/s	Data 0.000s (0.030s)	Loss 0.01604 (0.01674)
2025-12-31 16:53:30,375 Epoch: [6][130/200]	Time 0.345s (0.379s)	Speed 92.8 samples/s	Data 0.000s (0.028s)	Loss 0.01669 (0.01665)
2025-12-31 16:53:33,896 Epoch: [6][140/200]	Time 0.354s (0.377s)	Speed 90.5 samples/s	Data 0.000s (0.026s)	Loss 0.01152 (0.01653)
2025-12-31 16:53:37,383 Epoch: [6][150/200]	Time 0.337s (0.375s)	Speed 95.0 samples/s	Data 0.000s (0.024s)	Loss 0.01230 (0.01637)
2025-12-31 16:53:40,878 Epoch: [6][160/200]	Time 0.350s (0.374s)	Speed 91.4 samples/s	Data 0.000s (0.023s)	Loss 0.01728 (0.01644)
2025-12-31 16:53:44,355 Epoch: [6][170/200]	Time 0.345s (0.372s)	Speed 92.9 samples/s	Data 0.000s (0.021s)	Loss 0.01484 (0.01637)
2025-12-31 16:53:47,806 Epoch: [6][180/200]	Time 0.326s (0.371s)	Speed 98.2 samples/s	Data 0.000s (0.020s)	Loss 0.01244 (0.01634)
2025-12-31 16:53:51,348 Epoch: [6][190/200]	Time 0.324s (0.370s)	Speed 98.9 samples/s	Data 0.000s (0.019s)	Loss 0.01996 (0.01631)
2025-12-31 16:53:57,741 Test: [0/200]	Time 2.953 (2.953)	Loss 0.0637 (0.0637)
2025-12-31 16:53:58,020 Test: [10/200]	Time 0.025 (0.294)	Loss 0.0124 (0.0571)
2025-12-31 16:53:58,291 Test: [20/200]	Time 0.025 (0.167)	Loss 0.0256 (0.0590)
2025-12-31 16:53:58,569 Test: [30/200]	Time 0.033 (0.122)	Loss 0.0759 (0.0626)
2025-12-31 16:53:58,889 Test: [40/200]	Time 0.029 (0.100)	Loss 0.0685 (0.0675)
2025-12-31 16:53:59,174 Test: [50/200]	Time 0.027 (0.086)	Loss 0.0923 (0.0667)
2025-12-31 16:53:59,463 Test: [60/200]	Time 0.027 (0.077)	Loss 0.0921 (0.0691)
2025-12-31 16:53:59,744 Test: [70/200]	Time 0.027 (0.070)	Loss 0.0709 (0.0692)
2025-12-31 16:54:00,022 Test: [80/200]	Time 0.029 (0.065)	Loss 0.1070 (0.0684)
2025-12-31 16:54:00,309 Test: [90/200]	Time 0.028 (0.061)	Loss 0.0818 (0.0690)
2025-12-31 16:54:00,584 Test: [100/200]	Time 0.026 (0.057)	Loss 0.0901 (0.0686)
2025-12-31 16:54:00,863 Test: [110/200]	Time 0.025 (0.055)	Loss 0.1790 (0.0698)
2025-12-31 16:54:01,133 Test: [120/200]	Time 0.025 (0.052)	Loss 0.0670 (0.0681)
2025-12-31 16:54:01,416 Test: [130/200]	Time 0.026 (0.051)	Loss 0.0620 (0.0689)
2025-12-31 16:54:01,686 Test: [140/200]	Time 0.026 (0.049)	Loss 0.0704 (0.0682)
2025-12-31 16:54:01,957 Test: [150/200]	Time 0.026 (0.047)	Loss 0.0508 (0.0671)
2025-12-31 16:54:02,240 Test: [160/200]	Time 0.028 (0.046)	Loss 0.0525 (0.0668)
2025-12-31 16:54:02,522 Test: [170/200]	Time 0.025 (0.045)	Loss 0.0747 (0.0660)
2025-12-31 16:54:02,795 Test: [180/200]	Time 0.025 (0.044)	Loss 0.0572 (0.0657)
2025-12-31 16:54:03,067 Test: [190/200]	Time 0.025 (0.043)	Loss 0.0354 (0.0656)
2025-12-31 16:54:04,194 Mean IoU score: 0.841
2025-12-31 16:54:04,198 => saving checkpoint to out
2025-12-31 16:54:08,070 Epoch: [7][0/200]	Time 3.857s (3.857s)	Speed 8.3 samples/s	Data 3.515s (3.515s)	Loss 0.01501 (0.01501)
2025-12-31 16:54:11,452 Epoch: [7][10/200]	Time 0.323s (0.658s)	Speed 99.2 samples/s	Data 0.000s (0.320s)	Loss 0.01325 (0.01433)
2025-12-31 16:54:14,811 Epoch: [7][20/200]	Time 0.359s (0.505s)	Speed 89.0 samples/s	Data 0.000s (0.168s)	Loss 0.01316 (0.01415)
2025-12-31 16:54:18,276 Epoch: [7][30/200]	Time 0.339s (0.454s)	Speed 94.3 samples/s	Data 0.000s (0.114s)	Loss 0.01290 (0.01366)
2025-12-31 16:54:21,674 Epoch: [7][40/200]	Time 0.320s (0.426s)	Speed 100.1 samples/s	Data 0.000s (0.086s)	Loss 0.01286 (0.01359)
2025-12-31 16:54:25,097 Epoch: [7][50/200]	Time 0.355s (0.409s)	Speed 90.2 samples/s	Data 0.000s (0.069s)	Loss 0.01417 (0.01358)
2025-12-31 16:54:28,466 Epoch: [7][60/200]	Time 0.321s (0.398s)	Speed 99.8 samples/s	Data 0.000s (0.058s)	Loss 0.01675 (0.01363)
2025-12-31 16:54:31,847 Epoch: [7][70/200]	Time 0.324s (0.389s)	Speed 98.8 samples/s	Data 0.000s (0.050s)	Loss 0.01295 (0.01355)
2025-12-31 16:54:35,157 Epoch: [7][80/200]	Time 0.335s (0.382s)	Speed 95.6 samples/s	Data 0.001s (0.044s)	Loss 0.01046 (0.01351)
2025-12-31 16:54:38,783 Epoch: [7][90/200]	Time 0.359s (0.380s)	Speed 89.1 samples/s	Data 0.001s (0.039s)	Loss 0.01458 (0.01335)
2025-12-31 16:54:42,166 Epoch: [7][100/200]	Time 0.321s (0.376s)	Speed 99.6 samples/s	Data 0.000s (0.035s)	Loss 0.01313 (0.01329)
2025-12-31 16:54:45,548 Epoch: [7][110/200]	Time 0.341s (0.372s)	Speed 93.8 samples/s	Data 0.000s (0.032s)	Loss 0.01114 (0.01331)
2025-12-31 16:54:48,924 Epoch: [7][120/200]	Time 0.325s (0.370s)	Speed 98.5 samples/s	Data 0.000s (0.029s)	Loss 0.01435 (0.01334)
2025-12-31 16:54:52,362 Epoch: [7][130/200]	Time 0.361s (0.368s)	Speed 88.6 samples/s	Data 0.000s (0.027s)	Loss 0.01312 (0.01332)
2025-12-31 16:54:55,797 Epoch: [7][140/200]	Time 0.348s (0.366s)	Speed 91.9 samples/s	Data 0.000s (0.025s)	Loss 0.01365 (0.01332)
2025-12-31 16:54:59,210 Epoch: [7][150/200]	Time 0.323s (0.364s)	Speed 99.0 samples/s	Data 0.000s (0.024s)	Loss 0.01106 (0.01328)
2025-12-31 16:55:02,573 Epoch: [7][160/200]	Time 0.337s (0.362s)	Speed 95.0 samples/s	Data 0.001s (0.022s)	Loss 0.01553 (0.01326)
2025-12-31 16:55:05,941 Epoch: [7][170/200]	Time 0.321s (0.361s)	Speed 99.6 samples/s	Data 0.000s (0.021s)	Loss 0.01192 (0.01327)
2025-12-31 16:55:09,343 Epoch: [7][180/200]	Time 0.347s (0.360s)	Speed 92.2 samples/s	Data 0.001s (0.020s)	Loss 0.01163 (0.01323)
2025-12-31 16:55:12,731 Epoch: [7][190/200]	Time 0.323s (0.359s)	Speed 99.1 samples/s	Data 0.000s (0.019s)	Loss 0.00896 (0.01317)
2025-12-31 16:55:19,534 Test: [0/200]	Time 3.300 (3.300)	Loss 0.0752 (0.0752)
2025-12-31 16:55:19,826 Test: [10/200]	Time 0.026 (0.326)	Loss 0.0127 (0.0595)
2025-12-31 16:55:20,119 Test: [20/200]	Time 0.028 (0.185)	Loss 0.0360 (0.0621)
2025-12-31 16:55:20,384 Test: [30/200]	Time 0.025 (0.134)	Loss 0.0743 (0.0679)
2025-12-31 16:55:20,667 Test: [40/200]	Time 0.028 (0.108)	Loss 0.0796 (0.0700)
2025-12-31 16:55:20,942 Test: [50/200]	Time 0.026 (0.092)	Loss 0.0990 (0.0697)
2025-12-31 16:55:21,228 Test: [60/200]	Time 0.032 (0.082)	Loss 0.1016 (0.0718)
2025-12-31 16:55:21,520 Test: [70/200]	Time 0.031 (0.074)	Loss 0.0640 (0.0712)
2025-12-31 16:55:21,805 Test: [80/200]	Time 0.027 (0.069)	Loss 0.0908 (0.0698)
2025-12-31 16:55:22,099 Test: [90/200]	Time 0.026 (0.064)	Loss 0.0739 (0.0703)
2025-12-31 16:55:22,399 Test: [100/200]	Time 0.029 (0.061)	Loss 0.0826 (0.0695)
2025-12-31 16:55:22,678 Test: [110/200]	Time 0.030 (0.058)	Loss 0.1885 (0.0715)
2025-12-31 16:55:22,949 Test: [120/200]	Time 0.025 (0.055)	Loss 0.0619 (0.0696)
2025-12-31 16:55:23,233 Test: [130/200]	Time 0.026 (0.053)	Loss 0.0632 (0.0704)
2025-12-31 16:55:23,511 Test: [140/200]	Time 0.031 (0.052)	Loss 0.0822 (0.0699)
2025-12-31 16:55:23,814 Test: [150/200]	Time 0.027 (0.050)	Loss 0.0550 (0.0688)
2025-12-31 16:55:24,103 Test: [160/200]	Time 0.026 (0.049)	Loss 0.0673 (0.0686)
2025-12-31 16:55:24,391 Test: [170/200]	Time 0.026 (0.048)	Loss 0.0623 (0.0677)
2025-12-31 16:55:24,687 Test: [180/200]	Time 0.027 (0.047)	Loss 0.0630 (0.0675)
2025-12-31 16:55:24,973 Test: [190/200]	Time 0.028 (0.046)	Loss 0.0351 (0.0673)
2025-12-31 16:55:26,143 Mean IoU score: 0.839
2025-12-31 16:55:26,147 => saving checkpoint to out
2025-12-31 16:55:30,187 Epoch: [8][0/200]	Time 4.030s (4.030s)	Speed 7.9 samples/s	Data 3.654s (3.654s)	Loss 0.01291 (0.01291)
2025-12-31 16:55:33,798 Epoch: [8][10/200]	Time 0.365s (0.695s)	Speed 87.7 samples/s	Data 0.000s (0.333s)	Loss 0.01206 (0.01106)
2025-12-31 16:55:37,431 Epoch: [8][20/200]	Time 0.362s (0.537s)	Speed 88.3 samples/s	Data 0.000s (0.174s)	Loss 0.01029 (0.01130)
2025-12-31 16:55:40,928 Epoch: [8][30/200]	Time 0.334s (0.477s)	Speed 95.8 samples/s	Data 0.000s (0.118s)	Loss 0.01414 (0.01170)
2025-12-31 16:55:44,433 Epoch: [8][40/200]	Time 0.355s (0.446s)	Speed 90.2 samples/s	Data 0.001s (0.090s)	Loss 0.01046 (0.01206)
2025-12-31 16:55:48,021 Epoch: [8][50/200]	Time 0.361s (0.429s)	Speed 88.7 samples/s	Data 0.000s (0.072s)	Loss 0.01149 (0.01206)
2025-12-31 16:55:51,617 Epoch: [8][60/200]	Time 0.370s (0.417s)	Speed 86.5 samples/s	Data 0.001s (0.060s)	Loss 0.01202 (0.01190)
2025-12-31 16:55:55,101 Epoch: [8][70/200]	Time 0.324s (0.408s)	Speed 98.7 samples/s	Data 0.000s (0.052s)	Loss 0.01122 (0.01186)
2025-12-31 16:55:58,521 Epoch: [8][80/200]	Time 0.332s (0.400s)	Speed 96.5 samples/s	Data 0.000s (0.045s)	Loss 0.01175 (0.01190)
2025-12-31 16:56:01,941 Epoch: [8][90/200]	Time 0.333s (0.393s)	Speed 96.0 samples/s	Data 0.000s (0.041s)	Loss 0.01255 (0.01196)
2025-12-31 16:56:05,371 Epoch: [8][100/200]	Time 0.332s (0.388s)	Speed 96.3 samples/s	Data 0.001s (0.037s)	Loss 0.00909 (0.01199)
2025-12-31 16:56:08,775 Epoch: [8][110/200]	Time 0.333s (0.384s)	Speed 96.0 samples/s	Data 0.000s (0.033s)	Loss 0.01015 (0.01201)
2025-12-31 16:56:12,198 Epoch: [8][120/200]	Time 0.332s (0.381s)	Speed 96.4 samples/s	Data 0.000s (0.031s)	Loss 0.01037 (0.01198)
2025-12-31 16:56:15,640 Epoch: [8][130/200]	Time 0.372s (0.378s)	Speed 86.1 samples/s	Data 0.000s (0.028s)	Loss 0.01221 (0.01192)
2025-12-31 16:56:19,252 Epoch: [8][140/200]	Time 0.376s (0.377s)	Speed 85.1 samples/s	Data 0.000s (0.026s)	Loss 0.00944 (0.01186)
2025-12-31 16:56:22,690 Epoch: [8][150/200]	Time 0.335s (0.374s)	Speed 95.5 samples/s	Data 0.000s (0.025s)	Loss 0.01417 (0.01182)
2025-12-31 16:56:26,000 Epoch: [8][160/200]	Time 0.323s (0.372s)	Speed 99.1 samples/s	Data 0.000s (0.023s)	Loss 0.01134 (0.01178)
2025-12-31 16:56:29,330 Epoch: [8][170/200]	Time 0.333s (0.369s)	Speed 96.2 samples/s	Data 0.000s (0.022s)	Loss 0.01096 (0.01174)
2025-12-31 16:56:32,685 Epoch: [8][180/200]	Time 0.338s (0.368s)	Speed 94.7 samples/s	Data 0.001s (0.021s)	Loss 0.01414 (0.01176)
2025-12-31 16:56:36,020 Epoch: [8][190/200]	Time 0.329s (0.366s)	Speed 97.2 samples/s	Data 0.000s (0.019s)	Loss 0.01017 (0.01176)
2025-12-31 16:56:42,203 Test: [0/200]	Time 2.845 (2.845)	Loss 0.0572 (0.0572)
2025-12-31 16:56:42,476 Test: [10/200]	Time 0.025 (0.283)	Loss 0.0089 (0.0496)
2025-12-31 16:56:42,749 Test: [20/200]	Time 0.025 (0.161)	Loss 0.0223 (0.0532)
2025-12-31 16:56:43,027 Test: [30/200]	Time 0.027 (0.118)	Loss 0.0602 (0.0569)
2025-12-31 16:56:43,303 Test: [40/200]	Time 0.026 (0.096)	Loss 0.0756 (0.0593)
2025-12-31 16:56:43,577 Test: [50/200]	Time 0.026 (0.083)	Loss 0.0816 (0.0589)
2025-12-31 16:56:43,848 Test: [60/200]	Time 0.025 (0.074)	Loss 0.0853 (0.0609)
2025-12-31 16:56:44,130 Test: [70/200]	Time 0.026 (0.067)	Loss 0.0590 (0.0608)
2025-12-31 16:56:44,407 Test: [80/200]	Time 0.029 (0.062)	Loss 0.0827 (0.0594)
2025-12-31 16:56:44,673 Test: [90/200]	Time 0.025 (0.058)	Loss 0.0644 (0.0597)
2025-12-31 16:56:44,933 Test: [100/200]	Time 0.026 (0.055)	Loss 0.0683 (0.0594)
2025-12-31 16:56:45,206 Test: [110/200]	Time 0.026 (0.053)	Loss 0.1841 (0.0608)
2025-12-31 16:56:45,474 Test: [120/200]	Time 0.027 (0.051)	Loss 0.0590 (0.0594)
2025-12-31 16:56:45,740 Test: [130/200]	Time 0.026 (0.049)	Loss 0.0559 (0.0601)
2025-12-31 16:56:46,007 Test: [140/200]	Time 0.025 (0.047)	Loss 0.0532 (0.0595)
2025-12-31 16:56:46,285 Test: [150/200]	Time 0.027 (0.046)	Loss 0.0457 (0.0584)
2025-12-31 16:56:46,563 Test: [160/200]	Time 0.026 (0.045)	Loss 0.0552 (0.0584)
2025-12-31 16:56:46,852 Test: [170/200]	Time 0.029 (0.044)	Loss 0.0606 (0.0575)
2025-12-31 16:56:47,125 Test: [180/200]	Time 0.025 (0.043)	Loss 0.0426 (0.0575)
2025-12-31 16:56:47,401 Test: [190/200]	Time 0.025 (0.042)	Loss 0.0276 (0.0575)
2025-12-31 16:56:48,543 Mean IoU score: 0.860
2025-12-31 16:56:48,549 => saving checkpoint to out
2025-12-31 16:56:52,208 Epoch: [9][0/200]	Time 3.643s (3.643s)	Speed 8.8 samples/s	Data 3.306s (3.306s)	Loss 0.01067 (0.01067)
2025-12-31 16:56:55,558 Epoch: [9][10/200]	Time 0.325s (0.636s)	Speed 98.5 samples/s	Data 0.000s (0.301s)	Loss 0.01094 (0.01026)
2025-12-31 16:56:59,122 Epoch: [9][20/200]	Time 0.371s (0.503s)	Speed 86.3 samples/s	Data 0.000s (0.158s)	Loss 0.01040 (0.01038)
2025-12-31 16:57:02,623 Epoch: [9][30/200]	Time 0.333s (0.453s)	Speed 96.1 samples/s	Data 0.000s (0.107s)	Loss 0.01143 (0.01040)
2025-12-31 16:57:06,142 Epoch: [9][40/200]	Time 0.334s (0.429s)	Speed 95.8 samples/s	Data 0.000s (0.081s)	Loss 0.01126 (0.01040)
2025-12-31 16:57:09,709 Epoch: [9][50/200]	Time 0.374s (0.415s)	Speed 85.6 samples/s	Data 0.000s (0.065s)	Loss 0.00825 (0.01038)
2025-12-31 16:57:13,246 Epoch: [9][60/200]	Time 0.351s (0.405s)	Speed 91.2 samples/s	Data 0.000s (0.055s)	Loss 0.00861 (0.01038)
2025-12-31 16:57:16,743 Epoch: [9][70/200]	Time 0.347s (0.397s)	Speed 92.2 samples/s	Data 0.000s (0.047s)	Loss 0.00875 (0.01031)
2025-12-31 16:57:20,209 Epoch: [9][80/200]	Time 0.335s (0.391s)	Speed 95.6 samples/s	Data 0.000s (0.041s)	Loss 0.00835 (0.01027)
2025-12-31 16:57:23,862 Epoch: [9][90/200]	Time 0.372s (0.388s)	Speed 86.1 samples/s	Data 0.000s (0.037s)	Loss 0.01236 (0.01030)
2025-12-31 16:57:27,628 Epoch: [9][100/200]	Time 0.344s (0.387s)	Speed 93.1 samples/s	Data 0.000s (0.033s)	Loss 0.01106 (0.01033)
2025-12-31 16:57:31,238 Epoch: [9][110/200]	Time 0.355s (0.384s)	Speed 90.2 samples/s	Data 0.000s (0.030s)	Loss 0.00918 (0.01027)
2025-12-31 16:57:34,821 Epoch: [9][120/200]	Time 0.356s (0.382s)	Speed 89.8 samples/s	Data 0.001s (0.028s)	Loss 0.00793 (0.01023)
2025-12-31 16:57:38,418 Epoch: [9][130/200]	Time 0.344s (0.381s)	Speed 93.0 samples/s	Data 0.000s (0.026s)	Loss 0.00832 (0.01021)
2025-12-31 16:57:41,894 Epoch: [9][140/200]	Time 0.350s (0.378s)	Speed 91.5 samples/s	Data 0.000s (0.024s)	Loss 0.01023 (0.01021)
2025-12-31 16:57:45,403 Epoch: [9][150/200]	Time 0.355s (0.376s)	Speed 90.2 samples/s	Data 0.000s (0.022s)	Loss 0.00865 (0.01019)
2025-12-31 16:57:48,890 Epoch: [9][160/200]	Time 0.347s (0.375s)	Speed 92.3 samples/s	Data 0.001s (0.021s)	Loss 0.00970 (0.01017)
2025-12-31 16:57:52,368 Epoch: [9][170/200]	Time 0.342s (0.373s)	Speed 93.5 samples/s	Data 0.001s (0.020s)	Loss 0.00823 (0.01015)
2025-12-31 16:57:55,814 Epoch: [9][180/200]	Time 0.336s (0.372s)	Speed 95.2 samples/s	Data 0.001s (0.019s)	Loss 0.00975 (0.01010)
2025-12-31 16:57:59,307 Epoch: [9][190/200]	Time 0.369s (0.370s)	Speed 86.8 samples/s	Data 0.000s (0.018s)	Loss 0.00957 (0.01010)
2025-12-31 16:58:06,061 Test: [0/200]	Time 3.044 (3.044)	Loss 0.0530 (0.0530)
2025-12-31 16:58:06,350 Test: [10/200]	Time 0.026 (0.303)	Loss 0.0191 (0.0476)
2025-12-31 16:58:06,623 Test: [20/200]	Time 0.030 (0.172)	Loss 0.0246 (0.0502)
2025-12-31 16:58:06,906 Test: [30/200]	Time 0.028 (0.125)	Loss 0.0581 (0.0525)
2025-12-31 16:58:07,198 Test: [40/200]	Time 0.027 (0.102)	Loss 0.0521 (0.0564)
2025-12-31 16:58:07,474 Test: [50/200]	Time 0.026 (0.087)	Loss 0.0696 (0.0551)
2025-12-31 16:58:07,771 Test: [60/200]	Time 0.028 (0.078)	Loss 0.0722 (0.0566)
2025-12-31 16:58:08,055 Test: [70/200]	Time 0.026 (0.071)	Loss 0.0568 (0.0575)
2025-12-31 16:58:08,349 Test: [80/200]	Time 0.027 (0.066)	Loss 0.0899 (0.0566)
2025-12-31 16:58:08,643 Test: [90/200]	Time 0.032 (0.062)	Loss 0.0493 (0.0568)
2025-12-31 16:58:08,923 Test: [100/200]	Time 0.026 (0.058)	Loss 0.0704 (0.0564)
2025-12-31 16:58:09,204 Test: [110/200]	Time 0.028 (0.056)	Loss 0.1995 (0.0584)
2025-12-31 16:58:09,498 Test: [120/200]	Time 0.031 (0.054)	Loss 0.0575 (0.0573)
2025-12-31 16:58:09,785 Test: [130/200]	Time 0.031 (0.052)	Loss 0.0409 (0.0582)
2025-12-31 16:58:10,087 Test: [140/200]	Time 0.026 (0.050)	Loss 0.0647 (0.0577)
2025-12-31 16:58:10,382 Test: [150/200]	Time 0.027 (0.049)	Loss 0.0627 (0.0569)
2025-12-31 16:58:10,678 Test: [160/200]	Time 0.026 (0.048)	Loss 0.0525 (0.0569)
2025-12-31 16:58:10,970 Test: [170/200]	Time 0.027 (0.047)	Loss 0.0644 (0.0564)
2025-12-31 16:58:11,263 Test: [180/200]	Time 0.030 (0.046)	Loss 0.0396 (0.0561)
2025-12-31 16:58:11,546 Test: [190/200]	Time 0.031 (0.045)	Loss 0.0273 (0.0560)
2025-12-31 16:58:12,693 Mean IoU score: 0.864
2025-12-31 16:58:12,698 => saving checkpoint to out
2025-12-31 16:58:16,814 Epoch: [10][0/200]	Time 4.099s (4.099s)	Speed 7.8 samples/s	Data 3.727s (3.727s)	Loss 0.00818 (0.00818)
2025-12-31 16:58:20,355 Epoch: [10][10/200]	Time 0.338s (0.695s)	Speed 94.6 samples/s	Data 0.000s (0.339s)	Loss 0.00775 (0.00924)
2025-12-31 16:58:23,858 Epoch: [10][20/200]	Time 0.343s (0.531s)	Speed 93.3 samples/s	Data 0.001s (0.178s)	Loss 0.00721 (0.00904)
2025-12-31 16:58:27,425 Epoch: [10][30/200]	Time 0.360s (0.475s)	Speed 88.8 samples/s	Data 0.000s (0.121s)	Loss 0.00839 (0.00897)
2025-12-31 16:58:31,030 Epoch: [10][40/200]	Time 0.381s (0.447s)	Speed 84.0 samples/s	Data 0.001s (0.091s)	Loss 0.00833 (0.00907)
2025-12-31 16:58:34,667 Epoch: [10][50/200]	Time 0.355s (0.430s)	Speed 90.1 samples/s	Data 0.000s (0.073s)	Loss 0.00846 (0.00902)
2025-12-31 16:58:38,295 Epoch: [10][60/200]	Time 0.357s (0.419s)	Speed 89.6 samples/s	Data 0.000s (0.061s)	Loss 0.01049 (0.00902)
2025-12-31 16:58:41,891 Epoch: [10][70/200]	Time 0.366s (0.411s)	Speed 87.5 samples/s	Data 0.000s (0.053s)	Loss 0.00953 (0.00911)
2025-12-31 16:58:45,395 Epoch: [10][80/200]	Time 0.343s (0.403s)	Speed 93.2 samples/s	Data 0.000s (0.046s)	Loss 0.00986 (0.00907)
2025-12-31 16:58:48,886 Epoch: [10][90/200]	Time 0.342s (0.397s)	Speed 93.5 samples/s	Data 0.000s (0.041s)	Loss 0.00789 (0.00898)
2025-12-31 16:58:52,405 Epoch: [10][100/200]	Time 0.341s (0.393s)	Speed 93.8 samples/s	Data 0.001s (0.037s)	Loss 0.00831 (0.00894)
2025-12-31 16:58:55,930 Epoch: [10][110/200]	Time 0.367s (0.389s)	Speed 87.2 samples/s	Data 0.001s (0.034s)	Loss 0.00864 (0.00898)
2025-12-31 16:58:59,426 Epoch: [10][120/200]	Time 0.342s (0.386s)	Speed 93.5 samples/s	Data 0.000s (0.031s)	Loss 0.01050 (0.00903)
2025-12-31 16:59:02,978 Epoch: [10][130/200]	Time 0.358s (0.384s)	Speed 89.3 samples/s	Data 0.000s (0.029s)	Loss 0.00994 (0.00908)
2025-12-31 16:59:06,538 Epoch: [10][140/200]	Time 0.342s (0.382s)	Speed 93.6 samples/s	Data 0.000s (0.027s)	Loss 0.00788 (0.00914)
2025-12-31 16:59:10,074 Epoch: [10][150/200]	Time 0.337s (0.380s)	Speed 94.9 samples/s	Data 0.000s (0.025s)	Loss 0.00943 (0.00920)
2025-12-31 16:59:13,684 Epoch: [10][160/200]	Time 0.396s (0.379s)	Speed 80.9 samples/s	Data 0.000s (0.023s)	Loss 0.00878 (0.00920)
2025-12-31 16:59:17,187 Epoch: [10][170/200]	Time 0.330s (0.377s)	Speed 97.0 samples/s	Data 0.000s (0.022s)	Loss 0.00841 (0.00918)
2025-12-31 16:59:20,689 Epoch: [10][180/200]	Time 0.359s (0.376s)	Speed 89.1 samples/s	Data 0.000s (0.021s)	Loss 0.00946 (0.00918)
2025-12-31 16:59:24,301 Epoch: [10][190/200]	Time 0.349s (0.375s)	Speed 91.8 samples/s	Data 0.000s (0.020s)	Loss 0.01046 (0.00917)
2025-12-31 16:59:31,007 Test: [0/200]	Time 3.006 (3.006)	Loss 0.0519 (0.0519)
2025-12-31 16:59:31,300 Test: [10/200]	Time 0.029 (0.300)	Loss 0.0071 (0.0513)
2025-12-31 16:59:31,583 Test: [20/200]	Time 0.026 (0.171)	Loss 0.0185 (0.0538)
2025-12-31 16:59:31,863 Test: [30/200]	Time 0.027 (0.125)	Loss 0.0542 (0.0546)
2025-12-31 16:59:32,135 Test: [40/200]	Time 0.025 (0.101)	Loss 0.0712 (0.0584)
2025-12-31 16:59:32,406 Test: [50/200]	Time 0.024 (0.086)	Loss 0.0800 (0.0581)
2025-12-31 16:59:32,680 Test: [60/200]	Time 0.028 (0.077)	Loss 0.0756 (0.0601)
2025-12-31 16:59:32,963 Test: [70/200]	Time 0.027 (0.070)	Loss 0.0762 (0.0599)
2025-12-31 16:59:33,249 Test: [80/200]	Time 0.028 (0.065)	Loss 0.0931 (0.0588)
2025-12-31 16:59:33,550 Test: [90/200]	Time 0.027 (0.061)	Loss 0.0606 (0.0592)
2025-12-31 16:59:33,825 Test: [100/200]	Time 0.026 (0.058)	Loss 0.0674 (0.0588)
2025-12-31 16:59:34,121 Test: [110/200]	Time 0.027 (0.055)	Loss 0.1921 (0.0605)
2025-12-31 16:59:34,410 Test: [120/200]	Time 0.030 (0.053)	Loss 0.0486 (0.0591)
2025-12-31 16:59:34,709 Test: [130/200]	Time 0.029 (0.051)	Loss 0.0576 (0.0599)
2025-12-31 16:59:34,994 Test: [140/200]	Time 0.025 (0.050)	Loss 0.0575 (0.0594)
2025-12-31 16:59:35,319 Test: [150/200]	Time 0.051 (0.048)	Loss 0.0434 (0.0585)
2025-12-31 16:59:35,644 Test: [160/200]	Time 0.028 (0.047)	Loss 0.0521 (0.0584)
2025-12-31 16:59:35,931 Test: [170/200]	Time 0.030 (0.046)	Loss 0.0726 (0.0578)
2025-12-31 16:59:36,207 Test: [180/200]	Time 0.026 (0.045)	Loss 0.0560 (0.0575)
2025-12-31 16:59:36,492 Test: [190/200]	Time 0.026 (0.044)	Loss 0.0256 (0.0572)
2025-12-31 16:59:37,653 Mean IoU score: 0.861
2025-12-31 16:59:37,656 => saving checkpoint to out
2025-12-31 16:59:41,650 Epoch: [11][0/200]	Time 3.982s (3.982s)	Speed 8.0 samples/s	Data 3.631s (3.631s)	Loss 0.00704 (0.00704)
2025-12-31 16:59:45,221 Epoch: [11][10/200]	Time 0.363s (0.687s)	Speed 88.1 samples/s	Data 0.000s (0.330s)	Loss 0.01122 (0.00901)
2025-12-31 16:59:48,766 Epoch: [11][20/200]	Time 0.349s (0.528s)	Speed 91.8 samples/s	Data 0.000s (0.173s)	Loss 0.00907 (0.00869)
2025-12-31 16:59:52,375 Epoch: [11][30/200]	Time 0.350s (0.474s)	Speed 91.5 samples/s	Data 0.000s (0.117s)	Loss 0.00761 (0.00866)
2025-12-31 16:59:55,993 Epoch: [11][40/200]	Time 0.361s (0.447s)	Speed 88.7 samples/s	Data 0.000s (0.089s)	Loss 0.00851 (0.00873)
2025-12-31 16:59:59,599 Epoch: [11][50/200]	Time 0.362s (0.430s)	Speed 88.4 samples/s	Data 0.000s (0.072s)	Loss 0.00881 (0.00864)
2025-12-31 17:00:03,179 Epoch: [11][60/200]	Time 0.362s (0.418s)	Speed 88.4 samples/s	Data 0.000s (0.060s)	Loss 0.00846 (0.00858)
2025-12-31 17:00:06,638 Epoch: [11][70/200]	Time 0.346s (0.408s)	Speed 92.4 samples/s	Data 0.000s (0.051s)	Loss 0.00797 (0.00854)
2025-12-31 17:00:10,149 Epoch: [11][80/200]	Time 0.359s (0.401s)	Speed 89.2 samples/s	Data 0.001s (0.045s)	Loss 0.00899 (0.00849)
2025-12-31 17:00:13,726 Epoch: [11][90/200]	Time 0.368s (0.396s)	Speed 86.9 samples/s	Data 0.000s (0.040s)	Loss 0.00802 (0.00848)
2025-12-31 17:00:17,289 Epoch: [11][100/200]	Time 0.369s (0.392s)	Speed 86.8 samples/s	Data 0.001s (0.036s)	Loss 0.01063 (0.00851)
2025-12-31 17:00:20,826 Epoch: [11][110/200]	Time 0.342s (0.389s)	Speed 93.5 samples/s	Data 0.000s (0.033s)	Loss 0.00740 (0.00848)
2025-12-31 17:00:24,356 Epoch: [11][120/200]	Time 0.352s (0.386s)	Speed 91.0 samples/s	Data 0.001s (0.030s)	Loss 0.00798 (0.00853)
2025-12-31 17:00:27,845 Epoch: [11][130/200]	Time 0.350s (0.383s)	Speed 91.5 samples/s	Data 0.000s (0.028s)	Loss 0.00932 (0.00853)
2025-12-31 17:00:31,364 Epoch: [11][140/200]	Time 0.369s (0.381s)	Speed 86.7 samples/s	Data 0.001s (0.026s)	Loss 0.00821 (0.00853)
2025-12-31 17:00:34,919 Epoch: [11][150/200]	Time 0.365s (0.379s)	Speed 87.7 samples/s	Data 0.000s (0.024s)	Loss 0.01023 (0.00861)
2025-12-31 17:00:38,364 Epoch: [11][160/200]	Time 0.328s (0.377s)	Speed 97.7 samples/s	Data 0.000s (0.023s)	Loss 0.00757 (0.00860)
2025-12-31 17:00:41,905 Epoch: [11][170/200]	Time 0.354s (0.376s)	Speed 90.5 samples/s	Data 0.001s (0.022s)	Loss 0.00982 (0.00863)
2025-12-31 17:00:45,519 Epoch: [11][180/200]	Time 0.361s (0.375s)	Speed 88.6 samples/s	Data 0.001s (0.020s)	Loss 0.00741 (0.00864)
2025-12-31 17:00:49,007 Epoch: [11][190/200]	Time 0.355s (0.373s)	Speed 90.1 samples/s	Data 0.001s (0.019s)	Loss 0.00831 (0.00867)
2025-12-31 17:00:55,699 Test: [0/200]	Time 3.096 (3.096)	Loss 0.0586 (0.0586)
2025-12-31 17:00:56,004 Test: [10/200]	Time 0.026 (0.309)	Loss 0.0090 (0.0553)
2025-12-31 17:00:56,295 Test: [20/200]	Time 0.025 (0.176)	Loss 0.0256 (0.0557)
2025-12-31 17:00:56,581 Test: [30/200]	Time 0.028 (0.128)	Loss 0.0862 (0.0607)
2025-12-31 17:00:56,859 Test: [40/200]	Time 0.025 (0.104)	Loss 0.0483 (0.0632)
2025-12-31 17:00:57,143 Test: [50/200]	Time 0.026 (0.089)	Loss 0.0874 (0.0626)
2025-12-31 17:00:57,417 Test: [60/200]	Time 0.031 (0.079)	Loss 0.0922 (0.0657)
2025-12-31 17:00:57,700 Test: [70/200]	Time 0.026 (0.072)	Loss 0.0789 (0.0654)
2025-12-31 17:00:57,978 Test: [80/200]	Time 0.027 (0.066)	Loss 0.0856 (0.0638)
2025-12-31 17:00:58,266 Test: [90/200]	Time 0.027 (0.062)	Loss 0.0669 (0.0641)
2025-12-31 17:00:58,544 Test: [100/200]	Time 0.026 (0.059)	Loss 0.1011 (0.0639)
2025-12-31 17:00:58,844 Test: [110/200]	Time 0.030 (0.056)	Loss 0.1959 (0.0654)
2025-12-31 17:00:59,141 Test: [120/200]	Time 0.028 (0.054)	Loss 0.0775 (0.0639)
2025-12-31 17:00:59,434 Test: [130/200]	Time 0.027 (0.052)	Loss 0.0505 (0.0647)
2025-12-31 17:00:59,730 Test: [140/200]	Time 0.027 (0.051)	Loss 0.0606 (0.0640)
2025-12-31 17:01:00,025 Test: [150/200]	Time 0.029 (0.049)	Loss 0.0630 (0.0631)
2025-12-31 17:01:00,320 Test: [160/200]	Time 0.028 (0.048)	Loss 0.0620 (0.0630)
2025-12-31 17:01:00,606 Test: [170/200]	Time 0.026 (0.047)	Loss 0.0622 (0.0619)
2025-12-31 17:01:00,888 Test: [180/200]	Time 0.029 (0.046)	Loss 0.0537 (0.0616)
2025-12-31 17:01:01,183 Test: [190/200]	Time 0.029 (0.045)	Loss 0.0304 (0.0614)
2025-12-31 17:01:02,408 Mean IoU score: 0.856
2025-12-31 17:01:02,411 => saving checkpoint to out
2025-12-31 17:01:06,319 Epoch: [12][0/200]	Time 3.897s (3.897s)	Speed 8.2 samples/s	Data 3.538s (3.538s)	Loss 0.00736 (0.00736)
2025-12-31 17:01:09,912 Epoch: [12][10/200]	Time 0.363s (0.681s)	Speed 88.1 samples/s	Data 0.000s (0.322s)	Loss 0.00904 (0.00787)
2025-12-31 17:01:13,528 Epoch: [12][20/200]	Time 0.366s (0.529s)	Speed 87.4 samples/s	Data 0.001s (0.169s)	Loss 0.00695 (0.00767)
2025-12-31 17:01:17,120 Epoch: [12][30/200]	Time 0.351s (0.474s)	Speed 91.1 samples/s	Data 0.000s (0.114s)	Loss 0.00764 (0.00764)
2025-12-31 17:01:20,674 Epoch: [12][40/200]	Time 0.351s (0.445s)	Speed 91.3 samples/s	Data 0.000s (0.087s)	Loss 0.00795 (0.00778)
2025-12-31 17:01:24,264 Epoch: [12][50/200]	Time 0.368s (0.428s)	Speed 86.9 samples/s	Data 0.000s (0.070s)	Loss 0.00869 (0.00785)
2025-12-31 17:01:28,019 Epoch: [12][60/200]	Time 0.473s (0.420s)	Speed 67.7 samples/s	Data 0.001s (0.058s)	Loss 0.00932 (0.00793)
2025-12-31 17:01:31,872 Epoch: [12][70/200]	Time 0.372s (0.415s)	Speed 85.9 samples/s	Data 0.000s (0.050s)	Loss 0.00924 (0.00799)
2025-12-31 17:01:35,575 Epoch: [12][80/200]	Time 0.357s (0.409s)	Speed 89.8 samples/s	Data 0.001s (0.044s)	Loss 0.00785 (0.00802)
2025-12-31 17:01:39,229 Epoch: [12][90/200]	Time 0.362s (0.404s)	Speed 88.5 samples/s	Data 0.000s (0.039s)	Loss 0.00817 (0.00800)
2025-12-31 17:01:42,928 Epoch: [12][100/200]	Time 0.366s (0.401s)	Speed 87.5 samples/s	Data 0.000s (0.035s)	Loss 0.00878 (0.00804)
2025-12-31 17:01:46,595 Epoch: [12][110/200]	Time 0.359s (0.398s)	Speed 89.1 samples/s	Data 0.000s (0.032s)	Loss 0.00696 (0.00811)
2025-12-31 17:01:50,294 Epoch: [12][120/200]	Time 0.357s (0.396s)	Speed 89.6 samples/s	Data 0.000s (0.030s)	Loss 0.00606 (0.00813)
2025-12-31 17:01:54,107 Epoch: [12][130/200]	Time 0.414s (0.395s)	Speed 77.4 samples/s	Data 0.000s (0.027s)	Loss 0.00843 (0.00814)
2025-12-31 17:01:57,907 Epoch: [12][140/200]	Time 0.371s (0.394s)	Speed 86.3 samples/s	Data 0.000s (0.025s)	Loss 0.01024 (0.00822)
2025-12-31 17:02:01,907 Epoch: [12][150/200]	Time 0.414s (0.394s)	Speed 77.2 samples/s	Data 0.000s (0.024s)	Loss 0.01061 (0.00825)
2025-12-31 17:02:05,867 Epoch: [12][160/200]	Time 0.384s (0.394s)	Speed 83.4 samples/s	Data 0.001s (0.022s)	Loss 0.00869 (0.00828)
2025-12-31 17:02:09,489 Epoch: [12][170/200]	Time 0.357s (0.392s)	Speed 89.6 samples/s	Data 0.000s (0.021s)	Loss 0.00721 (0.00827)
2025-12-31 17:02:13,094 Epoch: [12][180/200]	Time 0.355s (0.390s)	Speed 90.2 samples/s	Data 0.001s (0.020s)	Loss 0.00689 (0.00829)
2025-12-31 17:02:16,688 Epoch: [12][190/200]	Time 0.358s (0.389s)	Speed 89.5 samples/s	Data 0.000s (0.019s)	Loss 0.00846 (0.00833)
2025-12-31 17:02:23,889 Test: [0/200]	Time 3.521 (3.521)	Loss 0.0526 (0.0526)
2025-12-31 17:02:24,230 Test: [10/200]	Time 0.034 (0.351)	Loss 0.0078 (0.0556)
2025-12-31 17:02:24,522 Test: [20/200]	Time 0.026 (0.198)	Loss 0.0220 (0.0583)
2025-12-31 17:02:24,801 Test: [30/200]	Time 0.027 (0.143)	Loss 0.0550 (0.0598)
2025-12-31 17:02:25,082 Test: [40/200]	Time 0.026 (0.115)	Loss 0.0968 (0.0622)
2025-12-31 17:02:25,363 Test: [50/200]	Time 0.028 (0.098)	Loss 0.0904 (0.0620)
2025-12-31 17:02:25,643 Test: [60/200]	Time 0.027 (0.086)	Loss 0.0850 (0.0632)
2025-12-31 17:02:25,921 Test: [70/200]	Time 0.027 (0.078)	Loss 0.0711 (0.0635)
2025-12-31 17:02:26,198 Test: [80/200]	Time 0.028 (0.072)	Loss 0.0807 (0.0619)
2025-12-31 17:02:26,486 Test: [90/200]	Time 0.028 (0.067)	Loss 0.0579 (0.0618)
2025-12-31 17:02:26,768 Test: [100/200]	Time 0.028 (0.063)	Loss 0.0749 (0.0611)
2025-12-31 17:02:27,050 Test: [110/200]	Time 0.027 (0.060)	Loss 0.2099 (0.0639)
2025-12-31 17:02:27,332 Test: [120/200]	Time 0.028 (0.058)	Loss 0.0461 (0.0621)
2025-12-31 17:02:27,612 Test: [130/200]	Time 0.027 (0.055)	Loss 0.0561 (0.0628)
2025-12-31 17:02:27,895 Test: [140/200]	Time 0.027 (0.053)	Loss 0.0562 (0.0622)
2025-12-31 17:02:28,174 Test: [150/200]	Time 0.028 (0.052)	Loss 0.0482 (0.0612)
2025-12-31 17:02:28,451 Test: [160/200]	Time 0.027 (0.050)	Loss 0.0635 (0.0615)
2025-12-31 17:02:28,727 Test: [170/200]	Time 0.027 (0.049)	Loss 0.0641 (0.0609)
2025-12-31 17:02:29,004 Test: [180/200]	Time 0.026 (0.048)	Loss 0.0579 (0.0608)
2025-12-31 17:02:29,289 Test: [190/200]	Time 0.028 (0.047)	Loss 0.0269 (0.0607)
2025-12-31 17:02:30,492 Mean IoU score: 0.858
2025-12-31 17:02:30,495 => saving checkpoint to out
2025-12-31 17:02:34,537 Epoch: [13][0/200]	Time 4.030s (4.030s)	Speed 7.9 samples/s	Data 3.670s (3.670s)	Loss 0.00696 (0.00696)
2025-12-31 17:02:38,093 Epoch: [13][10/200]	Time 0.335s (0.690s)	Speed 95.5 samples/s	Data 0.000s (0.334s)	Loss 0.00929 (0.00786)
2025-12-31 17:02:41,587 Epoch: [13][20/200]	Time 0.356s (0.528s)	Speed 90.0 samples/s	Data 0.000s (0.175s)	Loss 0.00648 (0.00782)
2025-12-31 17:02:45,085 Epoch: [13][30/200]	Time 0.342s (0.470s)	Speed 93.5 samples/s	Data 0.000s (0.119s)	Loss 0.00712 (0.00781)
2025-12-31 17:02:48,523 Epoch: [13][40/200]	Time 0.346s (0.439s)	Speed 92.5 samples/s	Data 0.000s (0.090s)	Loss 0.00810 (0.00786)
2025-12-31 17:02:52,052 Epoch: [13][50/200]	Time 0.355s (0.422s)	Speed 90.2 samples/s	Data 0.001s (0.072s)	Loss 0.00667 (0.00790)
2025-12-31 17:02:55,576 Epoch: [13][60/200]	Time 0.348s (0.411s)	Speed 92.1 samples/s	Data 0.000s (0.060s)	Loss 0.01096 (0.00829)
2025-12-31 17:02:59,107 Epoch: [13][70/200]	Time 0.344s (0.403s)	Speed 93.0 samples/s	Data 0.000s (0.052s)	Loss 0.00789 (0.00851)
2025-12-31 17:03:02,638 Epoch: [13][80/200]	Time 0.347s (0.397s)	Speed 92.3 samples/s	Data 0.001s (0.046s)	Loss 0.01315 (0.00896)
2025-12-31 17:03:06,100 Epoch: [13][90/200]	Time 0.343s (0.391s)	Speed 93.4 samples/s	Data 0.000s (0.041s)	Loss 0.01349 (0.00948)
2025-12-31 17:03:09,574 Epoch: [13][100/200]	Time 0.347s (0.387s)	Speed 92.2 samples/s	Data 0.000s (0.037s)	Loss 0.01140 (0.00992)
2025-12-31 17:03:13,028 Epoch: [13][110/200]	Time 0.346s (0.383s)	Speed 92.4 samples/s	Data 0.000s (0.033s)	Loss 0.02398 (0.01047)
2025-12-31 17:03:16,511 Epoch: [13][120/200]	Time 0.365s (0.380s)	Speed 87.8 samples/s	Data 0.001s (0.031s)	Loss 0.03224 (0.01132)
2025-12-31 17:03:20,098 Epoch: [13][130/200]	Time 0.334s (0.379s)	Speed 95.7 samples/s	Data 0.000s (0.028s)	Loss 0.01395 (0.01193)
2025-12-31 17:03:23,513 Epoch: [13][140/200]	Time 0.349s (0.376s)	Speed 91.8 samples/s	Data 0.000s (0.026s)	Loss 0.02242 (0.01226)
2025-12-31 17:03:26,978 Epoch: [13][150/200]	Time 0.355s (0.374s)	Speed 90.1 samples/s	Data 0.001s (0.025s)	Loss 0.01194 (0.01271)
2025-12-31 17:03:30,514 Epoch: [13][160/200]	Time 0.349s (0.373s)	Speed 91.8 samples/s	Data 0.000s (0.023s)	Loss 0.03171 (0.01309)
2025-12-31 17:03:34,063 Epoch: [13][170/200]	Time 0.353s (0.372s)	Speed 90.6 samples/s	Data 0.000s (0.022s)	Loss 0.01118 (0.01326)
2025-12-31 17:03:37,516 Epoch: [13][180/200]	Time 0.343s (0.370s)	Speed 93.2 samples/s	Data 0.000s (0.021s)	Loss 0.01255 (0.01329)
2025-12-31 17:03:41,074 Epoch: [13][190/200]	Time 0.360s (0.369s)	Speed 88.9 samples/s	Data 0.001s (0.020s)	Loss 0.01457 (0.01347)
2025-12-31 17:03:47,798 Test: [0/200]	Time 3.142 (3.142)	Loss 0.1937 (0.1937)
2025-12-31 17:03:48,077 Test: [10/200]	Time 0.029 (0.311)	Loss 0.0450 (0.1330)
2025-12-31 17:03:48,354 Test: [20/200]	Time 0.026 (0.176)	Loss 0.1355 (0.1314)
2025-12-31 17:03:48,634 Test: [30/200]	Time 0.028 (0.128)	Loss 0.2381 (0.1443)
2025-12-31 17:03:48,915 Test: [40/200]	Time 0.027 (0.104)	Loss 0.1500 (0.1470)
2025-12-31 17:03:49,195 Test: [50/200]	Time 0.029 (0.089)	Loss 0.1640 (0.1469)
2025-12-31 17:03:49,480 Test: [60/200]	Time 0.027 (0.079)	Loss 0.1702 (0.1510)
2025-12-31 17:03:49,762 Test: [70/200]	Time 0.026 (0.072)	Loss 0.1342 (0.1485)
2025-12-31 17:03:50,044 Test: [80/200]	Time 0.028 (0.067)	Loss 0.2319 (0.1463)
2025-12-31 17:03:50,323 Test: [90/200]	Time 0.028 (0.062)	Loss 0.1690 (0.1485)
2025-12-31 17:03:50,614 Test: [100/200]	Time 0.030 (0.059)	Loss 0.2632 (0.1470)
2025-12-31 17:03:50,907 Test: [110/200]	Time 0.027 (0.056)	Loss 0.2523 (0.1476)
2025-12-31 17:03:51,192 Test: [120/200]	Time 0.028 (0.054)	Loss 0.1484 (0.1438)
2025-12-31 17:03:51,475 Test: [130/200]	Time 0.027 (0.052)	Loss 0.0699 (0.1444)
2025-12-31 17:03:51,759 Test: [140/200]	Time 0.027 (0.050)	Loss 0.1539 (0.1437)
2025-12-31 17:03:52,044 Test: [150/200]	Time 0.028 (0.049)	Loss 0.1013 (0.1414)
2025-12-31 17:03:52,327 Test: [160/200]	Time 0.029 (0.048)	Loss 0.1573 (0.1404)
2025-12-31 17:03:52,614 Test: [170/200]	Time 0.027 (0.047)	Loss 0.1295 (0.1388)
2025-12-31 17:03:52,896 Test: [180/200]	Time 0.028 (0.046)	Loss 0.1443 (0.1377)
2025-12-31 17:03:53,179 Test: [190/200]	Time 0.027 (0.045)	Loss 0.0391 (0.1375)
2025-12-31 17:03:54,396 Mean IoU score: 0.702
2025-12-31 17:03:54,400 => saving checkpoint to out
2025-12-31 17:03:58,384 Epoch: [14][0/200]	Time 3.974s (3.974s)	Speed 8.1 samples/s	Data 3.613s (3.613s)	Loss 0.01813 (0.01813)
2025-12-31 17:04:01,882 Epoch: [14][10/200]	Time 0.357s (0.679s)	Speed 89.5 samples/s	Data 0.001s (0.329s)	Loss 0.02031 (0.01586)
2025-12-31 17:04:05,345 Epoch: [14][20/200]	Time 0.364s (0.521s)	Speed 87.8 samples/s	Data 0.000s (0.172s)	Loss 0.01366 (0.01548)
2025-12-31 17:04:08,708 Epoch: [14][30/200]	Time 0.330s (0.461s)	Speed 97.1 samples/s	Data 0.000s (0.117s)	Loss 0.01502 (0.01521)
2025-12-31 17:04:12,073 Epoch: [14][40/200]	Time 0.334s (0.431s)	Speed 95.8 samples/s	Data 0.000s (0.088s)	Loss 0.01312 (0.01483)
2025-12-31 17:04:15,504 Epoch: [14][50/200]	Time 0.344s (0.414s)	Speed 93.1 samples/s	Data 0.000s (0.071s)	Loss 0.01292 (0.01455)
2025-12-31 17:04:18,954 Epoch: [14][60/200]	Time 0.347s (0.402s)	Speed 92.2 samples/s	Data 0.000s (0.060s)	Loss 0.01404 (0.01421)
2025-12-31 17:04:22,447 Epoch: [14][70/200]	Time 0.358s (0.395s)	Speed 89.4 samples/s	Data 0.001s (0.051s)	Loss 0.01068 (0.01389)
2025-12-31 17:04:25,955 Epoch: [14][80/200]	Time 0.350s (0.389s)	Speed 91.4 samples/s	Data 0.000s (0.045s)	Loss 0.00858 (0.01365)
2025-12-31 17:04:29,359 Epoch: [14][90/200]	Time 0.337s (0.384s)	Speed 95.1 samples/s	Data 0.000s (0.040s)	Loss 0.01062 (0.01358)
2025-12-31 17:04:32,851 Epoch: [14][100/200]	Time 0.337s (0.381s)	Speed 94.9 samples/s	Data 0.000s (0.036s)	Loss 0.01448 (0.01360)
2025-12-31 17:04:36,361 Epoch: [14][110/200]	Time 0.334s (0.378s)	Speed 95.9 samples/s	Data 0.000s (0.033s)	Loss 0.01277 (0.01347)
2025-12-31 17:04:39,676 Epoch: [14][120/200]	Time 0.331s (0.374s)	Speed 96.6 samples/s	Data 0.000s (0.030s)	Loss 0.01381 (0.01328)
2025-12-31 17:04:43,015 Epoch: [14][130/200]	Time 0.334s (0.371s)	Speed 95.8 samples/s	Data 0.000s (0.028s)	Loss 0.01386 (0.01333)
2025-12-31 17:04:46,364 Epoch: [14][140/200]	Time 0.349s (0.368s)	Speed 91.8 samples/s	Data 0.000s (0.026s)	Loss 0.01264 (0.01333)
2025-12-31 17:04:49,708 Epoch: [14][150/200]	Time 0.327s (0.366s)	Speed 97.9 samples/s	Data 0.000s (0.024s)	Loss 0.01706 (0.01346)
2025-12-31 17:04:53,042 Epoch: [14][160/200]	Time 0.327s (0.364s)	Speed 98.0 samples/s	Data 0.001s (0.023s)	Loss 0.01121 (0.01348)
2025-12-31 17:04:56,500 Epoch: [14][170/200]	Time 0.334s (0.363s)	Speed 95.8 samples/s	Data 0.001s (0.021s)	Loss 0.01461 (0.01345)
2025-12-31 17:04:59,965 Epoch: [14][180/200]	Time 0.336s (0.362s)	Speed 95.2 samples/s	Data 0.000s (0.020s)	Loss 0.01158 (0.01338)
2025-12-31 17:05:03,347 Epoch: [14][190/200]	Time 0.326s (0.361s)	Speed 98.3 samples/s	Data 0.000s (0.019s)	Loss 0.01368 (0.01339)
2025-12-31 17:05:09,687 Test: [0/200]	Time 2.987 (2.987)	Loss 0.0784 (0.0784)
2025-12-31 17:05:09,948 Test: [10/200]	Time 0.024 (0.295)	Loss 0.0077 (0.0652)
2025-12-31 17:05:10,227 Test: [20/200]	Time 0.030 (0.168)	Loss 0.0370 (0.0712)
2025-12-31 17:05:10,511 Test: [30/200]	Time 0.025 (0.123)	Loss 0.1800 (0.0784)
2025-12-31 17:05:10,773 Test: [40/200]	Time 0.025 (0.099)	Loss 0.1094 (0.0835)
2025-12-31 17:05:11,048 Test: [50/200]	Time 0.025 (0.085)	Loss 0.0962 (0.0807)
2025-12-31 17:05:11,304 Test: [60/200]	Time 0.026 (0.075)	Loss 0.0774 (0.0848)
2025-12-31 17:05:11,558 Test: [70/200]	Time 0.025 (0.068)	Loss 0.1065 (0.0835)
2025-12-31 17:05:11,814 Test: [80/200]	Time 0.025 (0.063)	Loss 0.1160 (0.0826)
2025-12-31 17:05:12,071 Test: [90/200]	Time 0.025 (0.059)	Loss 0.0726 (0.0834)
2025-12-31 17:05:12,325 Test: [100/200]	Time 0.025 (0.056)	Loss 0.1157 (0.0832)
2025-12-31 17:05:12,580 Test: [110/200]	Time 0.025 (0.053)	Loss 0.2210 (0.0856)
2025-12-31 17:05:12,837 Test: [120/200]	Time 0.025 (0.051)	Loss 0.0853 (0.0839)
2025-12-31 17:05:13,104 Test: [130/200]	Time 0.028 (0.049)	Loss 0.0693 (0.0842)
2025-12-31 17:05:13,363 Test: [140/200]	Time 0.024 (0.047)	Loss 0.0714 (0.0833)
2025-12-31 17:05:13,616 Test: [150/200]	Time 0.025 (0.046)	Loss 0.0592 (0.0824)
2025-12-31 17:05:13,899 Test: [160/200]	Time 0.032 (0.045)	Loss 0.0935 (0.0822)
2025-12-31 17:05:14,175 Test: [170/200]	Time 0.024 (0.044)	Loss 0.0935 (0.0814)
2025-12-31 17:05:14,441 Test: [180/200]	Time 0.025 (0.043)	Loss 0.0409 (0.0807)
2025-12-31 17:05:14,712 Test: [190/200]	Time 0.028 (0.042)	Loss 0.0293 (0.0805)
2025-12-31 17:05:15,826 Mean IoU score: 0.809
2025-12-31 17:05:15,829 => saving checkpoint to out
2025-12-31 17:05:19,469 Epoch: [15][0/200]	Time 3.629s (3.629s)	Speed 8.8 samples/s	Data 3.275s (3.275s)	Loss 0.01086 (0.01086)
2025-12-31 17:05:22,859 Epoch: [15][10/200]	Time 0.341s (0.638s)	Speed 94.0 samples/s	Data 0.000s (0.298s)	Loss 0.01054 (0.01193)
2025-12-31 17:05:26,317 Epoch: [15][20/200]	Time 0.364s (0.499s)	Speed 87.9 samples/s	Data 0.000s (0.156s)	Loss 0.02368 (0.01226)
2025-12-31 17:05:29,600 Epoch: [15][30/200]	Time 0.330s (0.444s)	Speed 96.9 samples/s	Data 0.000s (0.106s)	Loss 0.01906 (0.01206)
2025-12-31 17:05:32,944 Epoch: [15][40/200]	Time 0.323s (0.417s)	Speed 99.1 samples/s	Data 0.000s (0.080s)	Loss 0.01163 (0.01218)
2025-12-31 17:05:36,197 Epoch: [15][50/200]	Time 0.325s (0.399s)	Speed 98.5 samples/s	Data 0.000s (0.065s)	Loss 0.01108 (0.01216)
2025-12-31 17:05:39,457 Epoch: [15][60/200]	Time 0.320s (0.387s)	Speed 99.9 samples/s	Data 0.001s (0.054s)	Loss 0.00982 (0.01205)
2025-12-31 17:05:42,705 Epoch: [15][70/200]	Time 0.325s (0.378s)	Speed 98.4 samples/s	Data 0.001s (0.046s)	Loss 0.01227 (0.01192)
2025-12-31 17:05:45,937 Epoch: [15][80/200]	Time 0.325s (0.372s)	Speed 98.4 samples/s	Data 0.000s (0.041s)	Loss 0.01268 (0.01178)
2025-12-31 17:05:49,174 Epoch: [15][90/200]	Time 0.323s (0.366s)	Speed 99.1 samples/s	Data 0.000s (0.036s)	Loss 0.01198 (0.01168)
2025-12-31 17:05:52,431 Epoch: [15][100/200]	Time 0.324s (0.362s)	Speed 98.7 samples/s	Data 0.000s (0.033s)	Loss 0.01486 (0.01167)
2025-12-31 17:05:55,672 Epoch: [15][110/200]	Time 0.322s (0.359s)	Speed 99.2 samples/s	Data 0.001s (0.030s)	Loss 0.01015 (0.01161)
2025-12-31 17:05:58,907 Epoch: [15][120/200]	Time 0.320s (0.356s)	Speed 99.9 samples/s	Data 0.000s (0.027s)	Loss 0.01040 (0.01143)
2025-12-31 17:06:02,142 Epoch: [15][130/200]	Time 0.324s (0.353s)	Speed 98.7 samples/s	Data 0.000s (0.025s)	Loss 0.01066 (0.01139)
2025-12-31 17:06:05,366 Epoch: [15][140/200]	Time 0.322s (0.351s)	Speed 99.5 samples/s	Data 0.000s (0.024s)	Loss 0.00858 (0.01131)
2025-12-31 17:06:08,603 Epoch: [15][150/200]	Time 0.322s (0.349s)	Speed 99.5 samples/s	Data 0.001s (0.022s)	Loss 0.00972 (0.01121)
2025-12-31 17:06:11,824 Epoch: [15][160/200]	Time 0.319s (0.348s)	Speed 100.2 samples/s	Data 0.000s (0.021s)	Loss 0.00948 (0.01114)
2025-12-31 17:06:15,065 Epoch: [15][170/200]	Time 0.325s (0.346s)	Speed 98.5 samples/s	Data 0.000s (0.019s)	Loss 0.00717 (0.01108)
2025-12-31 17:06:18,280 Epoch: [15][180/200]	Time 0.320s (0.345s)	Speed 100.1 samples/s	Data 0.001s (0.018s)	Loss 0.01346 (0.01104)
2025-12-31 17:06:21,500 Epoch: [15][190/200]	Time 0.319s (0.344s)	Speed 100.4 samples/s	Data 0.000s (0.017s)	Loss 0.00920 (0.01097)
2025-12-31 17:06:27,476 Test: [0/200]	Time 2.721 (2.721)	Loss 0.0561 (0.0561)
2025-12-31 17:06:27,743 Test: [10/200]	Time 0.025 (0.272)	Loss 0.0054 (0.0543)
2025-12-31 17:06:28,011 Test: [20/200]	Time 0.024 (0.155)	Loss 0.0329 (0.0577)
2025-12-31 17:06:28,274 Test: [30/200]	Time 0.025 (0.114)	Loss 0.0512 (0.0600)
2025-12-31 17:06:28,545 Test: [40/200]	Time 0.025 (0.092)	Loss 0.1153 (0.0624)
2025-12-31 17:06:28,815 Test: [50/200]	Time 0.024 (0.080)	Loss 0.0783 (0.0629)
2025-12-31 17:06:29,081 Test: [60/200]	Time 0.025 (0.071)	Loss 0.0802 (0.0636)
2025-12-31 17:06:29,349 Test: [70/200]	Time 0.025 (0.065)	Loss 0.0442 (0.0632)
2025-12-31 17:06:29,617 Test: [80/200]	Time 0.025 (0.060)	Loss 0.0559 (0.0616)
2025-12-31 17:06:29,885 Test: [90/200]	Time 0.025 (0.056)	Loss 0.0599 (0.0622)
2025-12-31 17:06:30,155 Test: [100/200]	Time 0.026 (0.053)	Loss 0.0613 (0.0615)
2025-12-31 17:06:30,420 Test: [110/200]	Time 0.024 (0.051)	Loss 0.2196 (0.0637)
2025-12-31 17:06:30,684 Test: [120/200]	Time 0.025 (0.049)	Loss 0.0446 (0.0617)
2025-12-31 17:06:30,953 Test: [130/200]	Time 0.025 (0.047)	Loss 0.0508 (0.0620)
2025-12-31 17:06:31,221 Test: [140/200]	Time 0.025 (0.046)	Loss 0.0685 (0.0613)
2025-12-31 17:06:31,487 Test: [150/200]	Time 0.025 (0.045)	Loss 0.0578 (0.0606)
2025-12-31 17:06:31,753 Test: [160/200]	Time 0.025 (0.043)	Loss 0.0671 (0.0606)
2025-12-31 17:06:32,024 Test: [170/200]	Time 0.025 (0.042)	Loss 0.0532 (0.0600)
2025-12-31 17:06:32,291 Test: [180/200]	Time 0.025 (0.042)	Loss 0.0382 (0.0598)
2025-12-31 17:06:32,557 Test: [190/200]	Time 0.026 (0.041)	Loss 0.0274 (0.0598)
2025-12-31 17:06:33,621 Mean IoU score: 0.858
2025-12-31 17:06:33,624 => saving checkpoint to out
2025-12-31 17:06:37,185 Epoch: [16][0/200]	Time 3.550s (3.550s)	Speed 9.0 samples/s	Data 3.207s (3.207s)	Loss 0.01114 (0.01114)
2025-12-31 17:06:40,424 Epoch: [16][10/200]	Time 0.320s (0.617s)	Speed 100.1 samples/s	Data 0.000s (0.292s)	Loss 0.01239 (0.00917)
2025-12-31 17:06:43,646 Epoch: [16][20/200]	Time 0.322s (0.477s)	Speed 99.3 samples/s	Data 0.000s (0.153s)	Loss 0.00942 (0.00905)
2025-12-31 17:06:46,868 Epoch: [16][30/200]	Time 0.320s (0.427s)	Speed 100.1 samples/s	Data 0.000s (0.104s)	Loss 0.00882 (0.00903)
2025-12-31 17:06:50,106 Epoch: [16][40/200]	Time 0.319s (0.402s)	Speed 100.2 samples/s	Data 0.001s (0.079s)	Loss 0.00724 (0.00889)
2025-12-31 17:06:53,355 Epoch: [16][50/200]	Time 0.322s (0.387s)	Speed 99.3 samples/s	Data 0.000s (0.063s)	Loss 0.00853 (0.00877)
2025-12-31 17:06:56,598 Epoch: [16][60/200]	Time 0.322s (0.376s)	Speed 99.5 samples/s	Data 0.000s (0.053s)	Loss 0.00942 (0.00883)
2025-12-31 17:06:59,815 Epoch: [16][70/200]	Time 0.320s (0.369s)	Speed 100.1 samples/s	Data 0.001s (0.045s)	Loss 0.00608 (0.00869)
2025-12-31 17:07:03,043 Epoch: [16][80/200]	Time 0.319s (0.363s)	Speed 100.2 samples/s	Data 0.000s (0.040s)	Loss 0.00787 (0.00862)
2025-12-31 17:07:06,270 Epoch: [16][90/200]	Time 0.319s (0.359s)	Speed 100.2 samples/s	Data 0.000s (0.036s)	Loss 0.00844 (0.00868)
2025-12-31 17:07:09,504 Epoch: [16][100/200]	Time 0.320s (0.355s)	Speed 100.1 samples/s	Data 0.000s (0.032s)	Loss 0.00606 (0.00859)
2025-12-31 17:07:12,736 Epoch: [16][110/200]	Time 0.322s (0.352s)	Speed 99.4 samples/s	Data 0.000s (0.029s)	Loss 0.00808 (0.00860)
2025-12-31 17:07:15,981 Epoch: [16][120/200]	Time 0.326s (0.350s)	Speed 98.3 samples/s	Data 0.001s (0.027s)	Loss 0.00926 (0.00862)
2025-12-31 17:07:19,213 Epoch: [16][130/200]	Time 0.323s (0.348s)	Speed 99.0 samples/s	Data 0.000s (0.025s)	Loss 0.00905 (0.00864)
2025-12-31 17:07:22,437 Epoch: [16][140/200]	Time 0.321s (0.346s)	Speed 99.8 samples/s	Data 0.001s (0.023s)	Loss 0.00733 (0.00859)
2025-12-31 17:07:25,663 Epoch: [16][150/200]	Time 0.318s (0.345s)	Speed 100.7 samples/s	Data 0.000s (0.022s)	Loss 0.00810 (0.00860)
2025-12-31 17:07:28,892 Epoch: [16][160/200]	Time 0.324s (0.343s)	Speed 98.7 samples/s	Data 0.001s (0.020s)	Loss 0.01372 (0.00863)
2025-12-31 17:07:32,127 Epoch: [16][170/200]	Time 0.320s (0.342s)	Speed 99.9 samples/s	Data 0.000s (0.019s)	Loss 0.00649 (0.00863)
2025-12-31 17:07:35,346 Epoch: [16][180/200]	Time 0.318s (0.341s)	Speed 100.7 samples/s	Data 0.000s (0.018s)	Loss 0.00725 (0.00860)
2025-12-31 17:07:38,561 Epoch: [16][190/200]	Time 0.319s (0.340s)	Speed 100.4 samples/s	Data 0.001s (0.017s)	Loss 0.00708 (0.00856)
2025-12-31 17:07:44,553 Test: [0/200]	Time 2.729 (2.729)	Loss 0.0473 (0.0473)
2025-12-31 17:07:44,815 Test: [10/200]	Time 0.024 (0.272)	Loss 0.0063 (0.0430)
2025-12-31 17:07:45,077 Test: [20/200]	Time 0.024 (0.155)	Loss 0.0267 (0.0489)
2025-12-31 17:07:45,340 Test: [30/200]	Time 0.025 (0.113)	Loss 0.0462 (0.0512)
2025-12-31 17:07:45,613 Test: [40/200]	Time 0.025 (0.092)	Loss 0.0770 (0.0556)
2025-12-31 17:07:45,883 Test: [50/200]	Time 0.025 (0.080)	Loss 0.0770 (0.0543)
2025-12-31 17:07:46,162 Test: [60/200]	Time 0.028 (0.071)	Loss 0.0735 (0.0556)
2025-12-31 17:07:46,426 Test: [70/200]	Time 0.024 (0.065)	Loss 0.0402 (0.0556)
2025-12-31 17:07:46,693 Test: [80/200]	Time 0.025 (0.060)	Loss 0.0779 (0.0548)
2025-12-31 17:07:46,961 Test: [90/200]	Time 0.025 (0.056)	Loss 0.0636 (0.0553)
2025-12-31 17:07:47,228 Test: [100/200]	Time 0.025 (0.053)	Loss 0.0651 (0.0547)
2025-12-31 17:07:47,494 Test: [110/200]	Time 0.024 (0.051)	Loss 0.2012 (0.0564)
2025-12-31 17:07:47,761 Test: [120/200]	Time 0.025 (0.049)	Loss 0.0460 (0.0547)
2025-12-31 17:07:48,029 Test: [130/200]	Time 0.024 (0.047)	Loss 0.0534 (0.0549)
2025-12-31 17:07:48,293 Test: [140/200]	Time 0.024 (0.046)	Loss 0.0611 (0.0545)
2025-12-31 17:07:48,562 Test: [150/200]	Time 0.025 (0.045)	Loss 0.0496 (0.0535)
2025-12-31 17:07:48,827 Test: [160/200]	Time 0.025 (0.043)	Loss 0.0494 (0.0535)
2025-12-31 17:07:49,095 Test: [170/200]	Time 0.024 (0.043)	Loss 0.0526 (0.0531)
2025-12-31 17:07:49,362 Test: [180/200]	Time 0.025 (0.042)	Loss 0.0338 (0.0528)
2025-12-31 17:07:49,631 Test: [190/200]	Time 0.025 (0.041)	Loss 0.0250 (0.0527)
2025-12-31 17:07:50,694 Mean IoU score: 0.872
2025-12-31 17:07:50,697 => saving checkpoint to out
2025-12-31 17:07:54,242 Epoch: [17][0/200]	Time 3.532s (3.532s)	Speed 9.1 samples/s	Data 3.194s (3.194s)	Loss 0.00967 (0.00967)
2025-12-31 17:07:57,487 Epoch: [17][10/200]	Time 0.324s (0.616s)	Speed 98.8 samples/s	Data 0.000s (0.290s)	Loss 0.01028 (0.00778)
2025-12-31 17:08:00,712 Epoch: [17][20/200]	Time 0.322s (0.476s)	Speed 99.3 samples/s	Data 0.000s (0.152s)	Loss 0.00916 (0.00782)
2025-12-31 17:08:03,931 Epoch: [17][30/200]	Time 0.321s (0.426s)	Speed 99.6 samples/s	Data 0.000s (0.103s)	Loss 0.00751 (0.00756)
2025-12-31 17:08:07,150 Epoch: [17][40/200]	Time 0.320s (0.401s)	Speed 100.2 samples/s	Data 0.000s (0.078s)	Loss 0.00881 (0.00774)
2025-12-31 17:08:10,378 Epoch: [17][50/200]	Time 0.323s (0.386s)	Speed 99.2 samples/s	Data 0.000s (0.063s)	Loss 0.00630 (0.00772)
2025-12-31 17:08:13,607 Epoch: [17][60/200]	Time 0.323s (0.375s)	Speed 99.2 samples/s	Data 0.001s (0.053s)	Loss 0.00733 (0.00771)
2025-12-31 17:08:16,830 Epoch: [17][70/200]	Time 0.320s (0.368s)	Speed 100.0 samples/s	Data 0.000s (0.045s)	Loss 0.00795 (0.00770)
2025-12-31 17:08:20,047 Epoch: [17][80/200]	Time 0.320s (0.362s)	Speed 99.9 samples/s	Data 0.000s (0.040s)	Loss 0.00563 (0.00767)
2025-12-31 17:08:23,256 Epoch: [17][90/200]	Time 0.321s (0.358s)	Speed 99.8 samples/s	Data 0.001s (0.035s)	Loss 0.00784 (0.00760)
2025-12-31 17:08:26,469 Epoch: [17][100/200]	Time 0.321s (0.354s)	Speed 99.8 samples/s	Data 0.000s (0.032s)	Loss 0.00793 (0.00764)
2025-12-31 17:08:29,694 Epoch: [17][110/200]	Time 0.322s (0.351s)	Speed 99.5 samples/s	Data 0.000s (0.029s)	Loss 0.00880 (0.00765)
2025-12-31 17:08:32,911 Epoch: [17][120/200]	Time 0.322s (0.349s)	Speed 99.2 samples/s	Data 0.000s (0.027s)	Loss 0.00848 (0.00767)
2025-12-31 17:08:36,132 Epoch: [17][130/200]	Time 0.321s (0.347s)	Speed 99.6 samples/s	Data 0.000s (0.025s)	Loss 0.00882 (0.00770)
2025-12-31 17:08:39,347 Epoch: [17][140/200]	Time 0.319s (0.345s)	Speed 100.2 samples/s	Data 0.000s (0.023s)	Loss 0.00727 (0.00768)
2025-12-31 17:08:42,578 Epoch: [17][150/200]	Time 0.322s (0.343s)	Speed 99.5 samples/s	Data 0.000s (0.021s)	Loss 0.00914 (0.00769)
2025-12-31 17:08:45,808 Epoch: [17][160/200]	Time 0.320s (0.342s)	Speed 100.1 samples/s	Data 0.000s (0.020s)	Loss 0.00737 (0.00768)
2025-12-31 17:08:49,049 Epoch: [17][170/200]	Time 0.324s (0.341s)	Speed 98.8 samples/s	Data 0.000s (0.019s)	Loss 0.00843 (0.00768)
2025-12-31 17:08:52,315 Epoch: [17][180/200]	Time 0.321s (0.340s)	Speed 99.8 samples/s	Data 0.000s (0.018s)	Loss 0.00854 (0.00768)
2025-12-31 17:08:55,551 Epoch: [17][190/200]	Time 0.321s (0.339s)	Speed 99.8 samples/s	Data 0.000s (0.017s)	Loss 0.00788 (0.00766)
2025-12-31 17:09:01,573 Test: [0/200]	Time 2.758 (2.758)	Loss 0.0513 (0.0513)
2025-12-31 17:09:01,839 Test: [10/200]	Time 0.023 (0.275)	Loss 0.0068 (0.0462)
2025-12-31 17:09:02,106 Test: [20/200]	Time 0.024 (0.157)	Loss 0.0292 (0.0512)
2025-12-31 17:09:02,369 Test: [30/200]	Time 0.025 (0.115)	Loss 0.0516 (0.0537)
2025-12-31 17:09:02,636 Test: [40/200]	Time 0.024 (0.093)	Loss 0.0821 (0.0565)
2025-12-31 17:09:02,905 Test: [50/200]	Time 0.025 (0.080)	Loss 0.0772 (0.0556)
2025-12-31 17:09:03,171 Test: [60/200]	Time 0.025 (0.071)	Loss 0.0756 (0.0573)
2025-12-31 17:09:03,437 Test: [70/200]	Time 0.025 (0.065)	Loss 0.0518 (0.0574)
2025-12-31 17:09:03,699 Test: [80/200]	Time 0.025 (0.060)	Loss 0.0637 (0.0561)
2025-12-31 17:09:03,966 Test: [90/200]	Time 0.025 (0.057)	Loss 0.0624 (0.0566)
2025-12-31 17:09:04,232 Test: [100/200]	Time 0.025 (0.054)	Loss 0.0624 (0.0560)
2025-12-31 17:09:04,499 Test: [110/200]	Time 0.025 (0.051)	Loss 0.2125 (0.0579)
2025-12-31 17:09:04,765 Test: [120/200]	Time 0.025 (0.049)	Loss 0.0493 (0.0562)
2025-12-31 17:09:05,035 Test: [130/200]	Time 0.024 (0.047)	Loss 0.0498 (0.0563)
2025-12-31 17:09:05,304 Test: [140/200]	Time 0.025 (0.046)	Loss 0.0600 (0.0558)
2025-12-31 17:09:05,571 Test: [150/200]	Time 0.025 (0.045)	Loss 0.0525 (0.0549)
2025-12-31 17:09:05,837 Test: [160/200]	Time 0.024 (0.044)	Loss 0.0601 (0.0550)
2025-12-31 17:09:06,106 Test: [170/200]	Time 0.024 (0.043)	Loss 0.0534 (0.0548)
2025-12-31 17:09:06,373 Test: [180/200]	Time 0.025 (0.042)	Loss 0.0420 (0.0545)
2025-12-31 17:09:06,639 Test: [190/200]	Time 0.024 (0.041)	Loss 0.0254 (0.0544)
2025-12-31 17:09:07,702 Mean IoU score: 0.872
2025-12-31 17:09:07,705 => saving checkpoint to out
2025-12-31 17:09:11,268 Epoch: [18][0/200]	Time 3.550s (3.550s)	Speed 9.0 samples/s	Data 3.213s (3.213s)	Loss 0.00638 (0.00638)
2025-12-31 17:09:14,499 Epoch: [18][10/200]	Time 0.324s (0.616s)	Speed 98.9 samples/s	Data 0.001s (0.292s)	Loss 0.00892 (0.00656)
2025-12-31 17:09:17,726 Epoch: [18][20/200]	Time 0.321s (0.477s)	Speed 99.7 samples/s	Data 0.001s (0.153s)	Loss 0.00663 (0.00667)
2025-12-31 17:09:20,942 Epoch: [18][30/200]	Time 0.318s (0.427s)	Speed 100.5 samples/s	Data 0.001s (0.104s)	Loss 0.00483 (0.00667)
2025-12-31 17:09:24,155 Epoch: [18][40/200]	Time 0.320s (0.401s)	Speed 99.9 samples/s	Data 0.000s (0.079s)	Loss 0.00723 (0.00677)
2025-12-31 17:09:27,375 Epoch: [18][50/200]	Time 0.322s (0.385s)	Speed 99.4 samples/s	Data 0.000s (0.063s)	Loss 0.00702 (0.00691)
2025-12-31 17:09:30,596 Epoch: [18][60/200]	Time 0.322s (0.375s)	Speed 99.3 samples/s	Data 0.000s (0.053s)	Loss 0.00498 (0.00692)
2025-12-31 17:09:33,997 Epoch: [18][70/200]	Time 0.382s (0.370s)	Speed 83.8 samples/s	Data 0.000s (0.046s)	Loss 0.00746 (0.00700)
2025-12-31 17:09:37,415 Epoch: [18][80/200]	Time 0.321s (0.367s)	Speed 99.8 samples/s	Data 0.000s (0.040s)	Loss 0.00691 (0.00703)
2025-12-31 17:09:40,884 Epoch: [18][90/200]	Time 0.337s (0.364s)	Speed 95.1 samples/s	Data 0.000s (0.036s)	Loss 0.00669 (0.00703)
2025-12-31 17:09:44,334 Epoch: [18][100/200]	Time 0.332s (0.363s)	Speed 96.3 samples/s	Data 0.000s (0.032s)	Loss 0.00778 (0.00706)
2025-12-31 17:09:47,691 Epoch: [18][110/200]	Time 0.319s (0.360s)	Speed 100.4 samples/s	Data 0.000s (0.029s)	Loss 0.00608 (0.00704)
2025-12-31 17:09:51,037 Epoch: [18][120/200]	Time 0.328s (0.358s)	Speed 97.5 samples/s	Data 0.000s (0.027s)	Loss 0.00677 (0.00703)
2025-12-31 17:09:54,458 Epoch: [18][130/200]	Time 0.319s (0.357s)	Speed 100.4 samples/s	Data 0.000s (0.025s)	Loss 0.00794 (0.00707)
2025-12-31 17:09:57,822 Epoch: [18][140/200]	Time 0.330s (0.355s)	Speed 96.9 samples/s	Data 0.000s (0.023s)	Loss 0.00514 (0.00714)
2025-12-31 17:10:01,175 Epoch: [18][150/200]	Time 0.334s (0.354s)	Speed 95.7 samples/s	Data 0.000s (0.022s)	Loss 0.00832 (0.00717)
2025-12-31 17:10:04,513 Epoch: [18][160/200]	Time 0.329s (0.353s)	Speed 97.2 samples/s	Data 0.000s (0.020s)	Loss 0.00664 (0.00713)
2025-12-31 17:10:07,931 Epoch: [18][170/200]	Time 0.326s (0.352s)	Speed 98.3 samples/s	Data 0.000s (0.019s)	Loss 0.00737 (0.00711)
2025-12-31 17:10:11,270 Epoch: [18][180/200]	Time 0.318s (0.351s)	Speed 100.7 samples/s	Data 0.000s (0.018s)	Loss 0.00663 (0.00713)
2025-12-31 17:10:14,600 Epoch: [18][190/200]	Time 0.338s (0.350s)	Speed 94.8 samples/s	Data 0.000s (0.017s)	Loss 0.00678 (0.00713)
2025-12-31 17:10:21,013 Test: [0/200]	Time 3.062 (3.062)	Loss 0.0511 (0.0511)
2025-12-31 17:10:21,309 Test: [10/200]	Time 0.026 (0.305)	Loss 0.0065 (0.0455)
2025-12-31 17:10:21,608 Test: [20/200]	Time 0.026 (0.174)	Loss 0.0239 (0.0530)
2025-12-31 17:10:21,893 Test: [30/200]	Time 0.026 (0.127)	Loss 0.0453 (0.0547)
2025-12-31 17:10:22,178 Test: [40/200]	Time 0.026 (0.103)	Loss 0.0845 (0.0582)
2025-12-31 17:10:22,455 Test: [50/200]	Time 0.028 (0.088)	Loss 0.0849 (0.0570)
2025-12-31 17:10:22,726 Test: [60/200]	Time 0.026 (0.078)	Loss 0.0747 (0.0586)
2025-12-31 17:10:23,001 Test: [70/200]	Time 0.025 (0.071)	Loss 0.0471 (0.0585)
2025-12-31 17:10:23,267 Test: [80/200]	Time 0.025 (0.066)	Loss 0.0614 (0.0572)
2025-12-31 17:10:23,549 Test: [90/200]	Time 0.030 (0.061)	Loss 0.0615 (0.0575)
2025-12-31 17:10:23,822 Test: [100/200]	Time 0.028 (0.058)	Loss 0.0635 (0.0568)
2025-12-31 17:10:24,111 Test: [110/200]	Time 0.030 (0.055)	Loss 0.2082 (0.0586)
2025-12-31 17:10:24,381 Test: [120/200]	Time 0.025 (0.053)	Loss 0.0437 (0.0568)
2025-12-31 17:10:24,676 Test: [130/200]	Time 0.026 (0.051)	Loss 0.0511 (0.0569)
2025-12-31 17:10:24,961 Test: [140/200]	Time 0.026 (0.050)	Loss 0.0624 (0.0564)
2025-12-31 17:10:25,239 Test: [150/200]	Time 0.026 (0.048)	Loss 0.0480 (0.0554)
2025-12-31 17:10:25,531 Test: [160/200]	Time 0.030 (0.047)	Loss 0.0593 (0.0555)
2025-12-31 17:10:25,803 Test: [170/200]	Time 0.024 (0.046)	Loss 0.0563 (0.0553)
2025-12-31 17:10:26,093 Test: [180/200]	Time 0.025 (0.045)	Loss 0.0480 (0.0551)
2025-12-31 17:10:26,392 Test: [190/200]	Time 0.029 (0.044)	Loss 0.0265 (0.0550)
2025-12-31 17:10:27,550 Mean IoU score: 0.873
2025-12-31 17:10:27,554 => saving checkpoint to out
2025-12-31 17:10:31,260 Epoch: [19][0/200]	Time 3.692s (3.692s)	Speed 8.7 samples/s	Data 3.333s (3.333s)	Loss 0.00563 (0.00563)
2025-12-31 17:10:34,668 Epoch: [19][10/200]	Time 0.329s (0.645s)	Speed 97.4 samples/s	Data 0.000s (0.303s)	Loss 0.00654 (0.00643)
2025-12-31 17:10:38,297 Epoch: [19][20/200]	Time 0.366s (0.511s)	Speed 87.4 samples/s	Data 0.001s (0.159s)	Loss 0.00750 (0.00680)
2025-12-31 17:10:41,947 Epoch: [19][30/200]	Time 0.365s (0.464s)	Speed 87.8 samples/s	Data 0.000s (0.108s)	Loss 0.00695 (0.00678)
2025-12-31 17:10:45,312 Epoch: [19][40/200]	Time 0.321s (0.433s)	Speed 99.8 samples/s	Data 0.000s (0.082s)	Loss 0.00795 (0.00668)
2025-12-31 17:10:48,879 Epoch: [19][50/200]	Time 0.355s (0.418s)	Speed 90.1 samples/s	Data 0.000s (0.066s)	Loss 0.00701 (0.00662)
2025-12-31 17:10:52,341 Epoch: [19][60/200]	Time 0.330s (0.406s)	Speed 96.9 samples/s	Data 0.000s (0.055s)	Loss 0.00600 (0.00660)
2025-12-31 17:10:55,848 Epoch: [19][70/200]	Time 0.340s (0.398s)	Speed 94.1 samples/s	Data 0.000s (0.047s)	Loss 0.00717 (0.00663)
2025-12-31 17:10:59,308 Epoch: [19][80/200]	Time 0.334s (0.392s)	Speed 95.7 samples/s	Data 0.000s (0.041s)	Loss 0.00757 (0.00665)
2025-12-31 17:11:02,939 Epoch: [19][90/200]	Time 0.412s (0.389s)	Speed 77.7 samples/s	Data 0.001s (0.037s)	Loss 0.00611 (0.00666)
2025-12-31 17:11:06,575 Epoch: [19][100/200]	Time 0.351s (0.386s)	Speed 91.2 samples/s	Data 0.000s (0.033s)	Loss 0.00562 (0.00668)
2025-12-31 17:11:10,077 Epoch: [19][110/200]	Time 0.359s (0.383s)	Speed 89.2 samples/s	Data 0.000s (0.030s)	Loss 0.00585 (0.00669)
2025-12-31 17:11:13,615 Epoch: [19][120/200]	Time 0.357s (0.381s)	Speed 89.7 samples/s	Data 0.000s (0.028s)	Loss 0.00673 (0.00668)
2025-12-31 17:11:17,130 Epoch: [19][130/200]	Time 0.349s (0.378s)	Speed 91.6 samples/s	Data 0.000s (0.026s)	Loss 0.00651 (0.00665)
2025-12-31 17:11:20,542 Epoch: [19][140/200]	Time 0.333s (0.376s)	Speed 96.2 samples/s	Data 0.000s (0.024s)	Loss 0.00643 (0.00668)
2025-12-31 17:11:23,982 Epoch: [19][150/200]	Time 0.352s (0.374s)	Speed 90.8 samples/s	Data 0.000s (0.022s)	Loss 0.00494 (0.00667)
2025-12-31 17:11:27,454 Epoch: [19][160/200]	Time 0.342s (0.372s)	Speed 93.5 samples/s	Data 0.001s (0.021s)	Loss 0.00522 (0.00668)
2025-12-31 17:11:31,001 Epoch: [19][170/200]	Time 0.369s (0.371s)	Speed 86.8 samples/s	Data 0.001s (0.020s)	Loss 0.00731 (0.00670)
2025-12-31 17:11:34,474 Epoch: [19][180/200]	Time 0.348s (0.370s)	Speed 92.0 samples/s	Data 0.000s (0.019s)	Loss 0.00501 (0.00667)
2025-12-31 17:11:37,957 Epoch: [19][190/200]	Time 0.332s (0.369s)	Speed 96.3 samples/s	Data 0.000s (0.018s)	Loss 0.00609 (0.00668)
2025-12-31 17:11:44,141 Test: [0/200]	Time 2.826 (2.826)	Loss 0.0511 (0.0511)
2025-12-31 17:11:44,402 Test: [10/200]	Time 0.024 (0.281)	Loss 0.0116 (0.0464)
2025-12-31 17:11:44,667 Test: [20/200]	Time 0.025 (0.160)	Loss 0.0248 (0.0522)
2025-12-31 17:11:44,946 Test: [30/200]	Time 0.028 (0.117)	Loss 0.0505 (0.0544)
2025-12-31 17:11:45,214 Test: [40/200]	Time 0.027 (0.095)	Loss 0.0815 (0.0580)
2025-12-31 17:11:45,486 Test: [50/200]	Time 0.027 (0.082)	Loss 0.0837 (0.0572)
2025-12-31 17:11:45,763 Test: [60/200]	Time 0.026 (0.073)	Loss 0.0793 (0.0588)
2025-12-31 17:11:46,029 Test: [70/200]	Time 0.024 (0.066)	Loss 0.0478 (0.0589)
2025-12-31 17:11:46,304 Test: [80/200]	Time 0.025 (0.062)	Loss 0.0700 (0.0576)
2025-12-31 17:11:46,570 Test: [90/200]	Time 0.025 (0.058)	Loss 0.0685 (0.0581)
2025-12-31 17:11:46,838 Test: [100/200]	Time 0.025 (0.055)	Loss 0.0674 (0.0578)
2025-12-31 17:11:47,104 Test: [110/200]	Time 0.025 (0.052)	Loss 0.2164 (0.0598)
2025-12-31 17:11:47,381 Test: [120/200]	Time 0.026 (0.050)	Loss 0.0475 (0.0581)
2025-12-31 17:11:47,648 Test: [130/200]	Time 0.025 (0.048)	Loss 0.0442 (0.0581)
2025-12-31 17:11:47,913 Test: [140/200]	Time 0.026 (0.047)	Loss 0.0611 (0.0575)
2025-12-31 17:11:48,178 Test: [150/200]	Time 0.025 (0.045)	Loss 0.0512 (0.0564)
2025-12-31 17:11:48,448 Test: [160/200]	Time 0.025 (0.044)	Loss 0.0670 (0.0566)
2025-12-31 17:11:48,713 Test: [170/200]	Time 0.024 (0.043)	Loss 0.0693 (0.0563)
2025-12-31 17:11:48,979 Test: [180/200]	Time 0.026 (0.042)	Loss 0.0461 (0.0562)
2025-12-31 17:11:49,244 Test: [190/200]	Time 0.024 (0.042)	Loss 0.0262 (0.0562)
2025-12-31 17:11:50,332 Mean IoU score: 0.870
2025-12-31 17:11:50,335 => saving checkpoint to out
2025-12-31 17:11:50,345 saving final model state to out\final_state.pth.tar
