\BOOKMARK [1][-]{section.1}{\376\377\133\236\232\214\166\356\150\007}{}% 1
\BOOKMARK [1][-]{section.2}{\376\377\000S\000e\000g\000N\000e\000t\000\040\173\200\123\026\162\110\166\204\127\372\147\054\123\237\164\006}{}% 2
\BOOKMARK [2][-]{subsection.2.1}{\376\377\145\164\117\123\147\266\147\204\213\276\213\241}{section.2}% 3
\BOOKMARK [2][-]{subsection.2.2}{\376\377\177\026\170\001\126\150\377\010\116\013\221\307\150\067\377\011\215\357\137\204}{section.2}% 4
\BOOKMARK [2][-]{subsection.2.3}{\376\377\211\343\170\001\126\150\377\010\116\012\221\307\150\067\377\011\215\357\137\204}{section.2}% 5
\BOOKMARK [2][-]{subsection.2.4}{\376\377\147\000\176\310\122\006\174\173\134\102}{section.2}% 6
\BOOKMARK [1][-]{section.3}{\376\377\133\236\163\260\166\204\213\255\176\303\232\214\213\301\217\307\172\013}{}% 7
\BOOKMARK [2][-]{subsection.3.1}{\376\377\116\013\221\307\150\067\215\357\137\204\166\204\133\236\163\260}{section.3}% 8
\BOOKMARK [2][-]{subsection.3.2}{\376\377\116\012\221\307\150\067\215\357\137\204\166\204\133\236\163\260}{section.3}% 9
\BOOKMARK [2][-]{subsection.3.3}{\376\377\122\115\124\021\117\040\144\255\121\375\145\160\166\204\133\236\163\260}{section.3}% 10
\BOOKMARK [2][-]{subsection.3.4}{\376\377\147\000\176\310\123\167\171\357\134\102\166\204\133\236\163\260}{section.3}% 11
\BOOKMARK [2][-]{subsection.3.5}{\376\377\213\255\176\303\217\307\172\013}{section.3}% 12
\BOOKMARK [3][-]{subsubsection.3.5.1}{\376\377\213\255\176\303\221\115\177\156\124\214\117\030\123\026\173\126\165\145}{subsection.3.5}% 13
\BOOKMARK [3][-]{subsubsection.3.5.2}{\376\377\213\255\176\303\217\307\172\013\166\204\211\302\133\337}{subsection.3.5}% 14
\BOOKMARK [3][-]{subsubsection.3.5.3}{\376\377\213\255\176\303\215\213\122\277\122\006\147\220}{subsection.3.5}% 15
\BOOKMARK [2][-]{subsection.3.6}{\376\377\232\214\213\301\217\307\172\013}{section.3}% 16
\BOOKMARK [3][-]{subsubsection.3.6.1}{\376\377\232\214\213\301\221\115\177\156}{subsection.3.6}% 17
\BOOKMARK [3][-]{subsubsection.3.6.2}{\376\377\232\214\213\301\140\047\200\375\143\007\150\007}{subsection.3.6}% 18
\BOOKMARK [1][-]{section.4}{\376\377\152\041\127\213\122\006\122\162\123\357\211\306\123\026\145\110\147\234\126\376\123\312\211\302\133\337\211\343\221\312}{}% 19
\BOOKMARK [2][-]{subsection.4.1}{\376\377\123\357\211\306\123\026\122\006\147\220}{section.4}% 20
\BOOKMARK [1][-]{section.5}{\376\377\147\000\176\310\000\040\000m\000I\000o\000U\000\040\232\214\213\301\137\227\122\006\176\323\147\234}{}% 21
\BOOKMARK [2][-]{subsection.5.1}{\376\377\232\214\213\301\217\307\172\013\217\223\121\372\142\052\126\376}{section.5}% 22
\BOOKMARK [2][-]{subsection.5.2}{\376\377\232\214\213\301\226\306\140\047\200\375\176\323\147\234}{section.5}% 23
\BOOKMARK [2][-]{subsection.5.3}{\376\377\140\047\200\375\143\007\150\007\211\343\213\373}{section.5}% 24
\BOOKMARK [1][-]{section.6}{\376\377\140\073\176\323}{}% 25
\BOOKMARK [1][-]{section.7}{\376\377\226\104\137\125\377\032\116\343\170\001\116\323\136\223}{}% 26
